[2025-09-17T02:09:48.097Z] [ERROR] [RECONNECT ERROR] joaosn - Cliente não encontrado
[2025-09-17T02:09:48.098Z] [ERROR] [RECONNECT FAILED] joaosn - Cliente não encontrado
[2025-09-17T02:09:48.699Z] [ERROR] [RECONNECT ERROR] joaosn - Cliente não encontrado
[2025-09-17T02:09:48.700Z] [ERROR] [RECONNECT FAILED] joaosn - Cliente não encontrado
[2025-09-17T02:21:31.067Z] [ERROR] 🚨 Unhandled rejection: Execution context was destroyed, most likely because of a navigation.
[2025-09-17T02:31:04.281Z] [ERROR] 🚨 Unhandled rejection: Execution context was destroyed, most likely because of a navigation.
[2025-09-17T03:07:11.802Z] [ERROR] ❌ Erro ao iniciar sessão | Data: {}
[2025-09-17T03:07:12.766Z] [ERROR] ❌ Erro ao iniciar sessão | Data: {}
[2025-09-17T03:07:13.869Z] [ERROR] ❌ Erro ao iniciar sessão | Data: {}
[2025-09-17T03:07:16.044Z] [ERROR] ❌ Erro ao iniciar sessão | Data: {}
[2025-09-17T03:07:16.056Z] [ERROR] ❌ Erro ao iniciar sessão | Data: {}
[2025-09-17T03:08:40.719Z] [ERROR] ❌ Erro ao iniciar sessão | Data: {"code":"MODULE_NOT_FOUND","requireStack":["C:\\laragon\\www\\myzap\\functions\\WPPConnect\\helper\\mensagens\\util.js","C:\\laragon\\www\\myzap\\functions\\WPPConnect\\mensagens.js","C:\\laragon\\www\\myzap\\routers\\WppConnect.js","C:\\laragon\\www\\myzap\\index.js"]}
[2025-09-17T03:08:42.119Z] [ERROR] ❌ Erro ao iniciar sessão | Data: {"code":"MODULE_NOT_FOUND","requireStack":["C:\\laragon\\www\\myzap\\functions\\WPPConnect\\helper\\mensagens\\util.js","C:\\laragon\\www\\myzap\\functions\\WPPConnect\\mensagens.js","C:\\laragon\\www\\myzap\\routers\\WppConnect.js","C:\\laragon\\www\\myzap\\index.js"]}
[2025-09-17T03:08:44.324Z] [ERROR] ❌ Erro ao iniciar sessão | Data: {"code":"MODULE_NOT_FOUND","requireStack":["C:\\laragon\\www\\myzap\\functions\\WPPConnect\\helper\\mensagens\\util.js","C:\\laragon\\www\\myzap\\functions\\WPPConnect\\mensagens.js","C:\\laragon\\www\\myzap\\routers\\WppConnect.js","C:\\laragon\\www\\myzap\\index.js"]}
[2025-09-17T03:08:44.349Z] [ERROR] ❌ Erro ao iniciar sessão | Data: {"code":"MODULE_NOT_FOUND","requireStack":["C:\\laragon\\www\\myzap\\functions\\WPPConnect\\helper\\mensagens\\util.js","C:\\laragon\\www\\myzap\\functions\\WPPConnect\\mensagens.js","C:\\laragon\\www\\myzap\\routers\\WppConnect.js","C:\\laragon\\www\\myzap\\index.js"]}
[2025-09-17T03:09:55.484Z] [ERROR] ❌ Erro ao criar sessão joaosn: | Data: {}
[2025-09-17T03:09:57.288Z] [ERROR] ❌ Erro ao criar sessão joaosn: | Data: {}
[2025-09-17T03:12:09.714Z] [ERROR] ❌ Erro ao criar sessão joaosn: | Data: {}
[2025-09-17T03:12:09.738Z] [ERROR] ❌ Erro ao criar sessão joaosn: | Data: {}
[2025-09-17T03:13:32.584Z] [ERROR] ❌ Erro ao criar sessão joaosn: | Data: {}
[2025-09-17T03:14:22.269Z] [ERROR] ❌ Erro ao criar sessão joaosn: | Data: {}
[2025-09-17T03:15:36.520Z] [ERROR] 🚨 Unhandled rejection: Execution context was destroyed, most likely because of a navigation.
[2025-09-17T03:19:19.355Z] [ERROR] ❌ Erro ao criar sessão joaosn: | Data: {}
[2025-09-17T03:20:28.145Z] [ERROR] ❌ Erro ao criar sessão joaosn: | Data: {}
[2025-09-17T03:20:33.116Z] [ERROR] ❌ Erro ao criar sessão joaosn: | Data: {}
[2025-09-17T03:22:25.882Z] [ERROR] ❌ Erro ao criar sessão joaosn: | Data: {}
[2025-09-17T03:22:33.845Z] [ERROR] ❌ Erro ao criar sessão joaosn: | Data: {}
[2025-09-17T03:22:50.866Z] [ERROR] ❌ Erro ao criar sessão joaosn: | Data: {}
