[2025-09-17T01:59:50.873Z] [WHATSAPP] 🚀 Starting WhatsApp WebJS - Session: joaosn
[2025-09-17T01:59:50.891Z] [WHATSAPP] joaosn - useHere: false
[2025-09-17T01:59:50.891Z] [WHATSAPP] joaosn - Usando tokens da pasta instances/
[2025-09-17T01:59:50.892Z] [WHATSAPP] joaosn - Caminho da sessão: instances\joaosn
[2025-09-17T01:59:50.894Z] [WHATSAPP] ****** STARTING SESSION joaosn ******
[2025-09-17T01:59:50.896Z] [WHATSAPP] joaosn - 🚀 Inicializando cliente...
[2025-09-17T01:59:58.028Z] [WHATSAPP] joaosn - 📱 Novo QR Code gerado
[2025-09-17T02:00:25.656Z] [WHATSAPP] joaosn - 📱 Novo QR Code gerado
[2025-09-17T02:03:13.033Z] [WHATSAPP] 🚀 Starting WppConnect - Session: joaosn
[2025-09-17T02:03:35.869Z] [WHATSAPP] 🚀 Starting WppConnect - Session: joaosn
[2025-09-17T02:03:43.780Z] [WHATSAPP] 🚀 Starting WppConnect - Session: joaosn
[2025-09-17T02:03:50.490Z] [WHATSAPP] 🚀 Starting WppConnect - Session: joaosn
[2025-09-17T02:03:52.628Z] [WHATSAPP] 🚀 Starting WppConnect - Session: joaosn
[2025-09-17T02:04:04.810Z] [WHATSAPP] 🚀 Starting WppConnect - Session: joaosn
[2025-09-17T02:09:19.883Z] [WHATSAPP] 🚀 Starting WppConnect - Session: joaosn
[2025-09-17T02:09:43.446Z] [WHATSAPP] 🚀 Starting WppConnect - Session: joaosn
[2025-09-17T02:09:56.714Z] [WHATSAPP] 🚀 Starting WppConnect - Session: joaosn
[2025-09-17T02:18:32.108Z] [WHATSAPP] 🚀 Starting WppConnect - Session: joaosn
[2025-09-17T02:18:46.926Z] [WHATSAPP] 🚀 Starting WppConnect - Session: joaosn
[2025-09-17T02:18:52.428Z] [WHATSAPP] 🚀 Starting WppConnect - Session: joaosn
[2025-09-17T02:18:55.441Z] [WHATSAPP] 🚀 Starting WppConnect - Session: joaosn
[2025-09-17T02:18:57.647Z] [WHATSAPP] 🚀 Starting WppConnect - Session: joaosn
[2025-09-17T02:19:03.399Z] [WHATSAPP] 🚀 Starting WppConnect - Session: joaosn
[2025-09-17T02:19:11.422Z] [WHATSAPP] ⚠️ notLogged detectado para sessão joaosn - limpando tokens e forçando novo QR
[2025-09-17T02:19:30.521Z] [WHATSAPP] 🚀 Starting WppConnect - Session: joaosn
[2025-09-17T02:21:19.633Z] [WHATSAPP] 🚀 Starting WppConnect - Session: joaosn
[2025-09-17T02:21:20.548Z] [WHATSAPP] 🚀 Starting WppConnect - Session: joaosn
[2025-09-17T02:21:23.178Z] [WHATSAPP] 🚀 Starting WppConnect - Session: joaosn
[2025-09-17T02:21:26.292Z] [WHATSAPP] 🚀 Starting WppConnect - Session: joaosn
[2025-09-17T02:21:28.720Z] [WHATSAPP] 🚀 Starting WppConnect - Session: joaosn
[2025-09-17T02:21:32.936Z] [WHATSAPP] 🚀 Starting WppConnect - Session: joaosn
[2025-09-17T02:21:37.069Z] [WHATSAPP] 🚀 Starting WppConnect - Session: joaosn
[2025-09-17T02:21:38.475Z] [WHATSAPP] 🚀 Starting WppConnect - Session: joaosn
[2025-09-17T02:21:39.056Z] [WHATSAPP] 🚀 Starting WppConnect - Session: joaosn
[2025-09-17T02:21:39.664Z] [WHATSAPP] 🚀 Starting WppConnect - Session: joaosn
[2025-09-17T02:21:40.068Z] [WHATSAPP] 🚀 Starting WppConnect - Session: joaosn
[2025-09-17T02:21:40.102Z] [WHATSAPP] 🚀 Starting WppConnect - Session: joaosn
[2025-09-17T02:21:40.160Z] [WHATSAPP] 🚀 Starting WppConnect - Session: joaosn
[2025-09-17T02:21:48.008Z] [WHATSAPP] ⚠️ notLogged detectado para sessão joaosn - limpando tokens e forçando novo QR
[2025-09-17T02:23:34.659Z] [WHATSAPP] 🚀 Starting WppConnect - Session: joaosn
[2025-09-17T02:23:51.075Z] [WHATSAPP] 🚀 Starting WppConnect - Session: joaosn
[2025-09-17T02:23:53.062Z] [WHATSAPP] 🚀 Starting WppConnect - Session: joaosn
[2025-09-17T02:23:56.737Z] [WHATSAPP] 🚀 Starting WppConnect - Session: joaosn
[2025-09-17T02:24:25.589Z] [WHATSAPP] 🚀 Starting WppConnect - Session: joaosn
[2025-09-17T02:24:43.342Z] [WHATSAPP] 🚀 Starting WppConnect - Session: joaosn
[2025-09-17T02:24:43.970Z] [WHATSAPP] 🚀 Starting WppConnect - Session: joaosn
[2025-09-17T02:24:46.235Z] [WHATSAPP] 🚀 Starting WppConnect - Session: joaosn
[2025-09-17T02:24:46.890Z] [WHATSAPP] 🚀 Starting WppConnect - Session: joaosn
[2025-09-17T02:25:05.431Z] [WHATSAPP] 🚀 Starting WppConnect - Session: joaosn
[2025-09-17T02:26:01.920Z] [WHATSAPP] 🚀 Starting WppConnect - Session: joaosn
[2025-09-17T02:26:05.540Z] [WHATSAPP] 🚀 Starting WppConnect - Session: joaosn
[2025-09-17T02:26:07.878Z] [WHATSAPP] 🚀 Starting WppConnect - Session: joaosn
[2025-09-17T02:26:24.447Z] [WHATSAPP] ⚠️ notLogged detectado para sessão joaosn - limpando tokens e forçando novo QR
[2025-09-17T02:26:28.106Z] [WHATSAPP] 🚀 Starting WppConnect - Session: joaosn
[2025-09-17T02:26:29.788Z] [WHATSAPP] 🚀 Starting WppConnect - Session: joaosn
[2025-09-17T02:26:30.772Z] [WHATSAPP] 🚀 Starting WppConnect - Session: joaosn
[2025-09-17T02:30:55.727Z] [WHATSAPP] 🚀 Starting WppConnect - Session: joaosn
[2025-09-17T02:31:13.327Z] [WHATSAPP] ⚠️ notLogged detectado para sessão joaosn - limpando tokens e forçando novo QR
[2025-09-17T02:47:59.409Z] [WHATSAPP] 🚀 Starting WppConnect - Session: joaosn
[2025-09-17T02:48:12.888Z] [WHATSAPP] ⚠️ notLogged detectado para sessão joaosn - limpando tokens e forçando novo QR
[2025-09-17T03:09:52.864Z] [WHATSAPP] 🚀 Starting WppConnect - Session: joaosn
[2025-09-17T03:09:55.349Z] [WHATSAPP] 🚀 Starting WppConnect - Session: joaosn
[2025-09-17T03:09:57.057Z] [WHATSAPP] 🚀 Starting WppConnect - Session: joaosn
[2025-09-17T03:10:12.792Z] [WHATSAPP] ⚠️ notLogged detectado para sessão joaosn - limpando tokens e forçando novo QR
[2025-09-17T03:11:51.813Z] [WHATSAPP] 🚀 Starting WppConnect - Session: joaosn
[2025-09-17T03:12:08.826Z] [WHATSAPP] ⚠️ notLogged detectado para sessão joaosn - limpando tokens e forçando novo QR
[2025-09-17T03:12:09.541Z] [WHATSAPP] 🚀 Starting WppConnect - Session: joaosn
[2025-09-17T03:12:09.548Z] [WHATSAPP] 🚀 Starting WppConnect - Session: joaosn
[2025-09-17T03:13:16.401Z] [WHATSAPP] 🚀 Starting WppConnect - Session: joaosn
[2025-09-17T03:13:32.451Z] [WHATSAPP] 🚀 Starting WppConnect - Session: joaosn
[2025-09-17T03:13:46.089Z] [WHATSAPP] ⚠️ notLogged detectado para sessão joaosn - limpando tokens e forçando novo QR
[2025-09-17T03:15:26.820Z] [WHATSAPP] 🚀 Starting WppConnect - Session: joaosn
[2025-09-17T03:15:49.772Z] [WHATSAPP] ⚠️ notLogged detectado para sessão joaosn - limpando tokens e forçando novo QR
[2025-09-17T03:19:19.166Z] [WHATSAPP] 🚀 Starting WppConnect - Session: joaosn
[2025-09-17T03:20:16.778Z] [WHATSAPP] 🚀 Starting WppConnect - Session: joaosn
[2025-09-17T03:20:27.855Z] [WHATSAPP] 🚀 Starting WppConnect - Session: joaosn
[2025-09-17T03:20:32.939Z] [WHATSAPP] ⚠️ notLogged detectado para sessão joaosn - limpando tokens e forçando novo QR
[2025-09-17T03:20:32.962Z] [WHATSAPP] 🚀 Starting WppConnect - Session: joaosn
[2025-09-17T03:22:04.480Z] [WHATSAPP] 🚀 Starting WppConnect - Session: joaosn
[2025-09-17T03:22:25.725Z] [WHATSAPP] 🚀 Starting WppConnect - Session: joaosn
[2025-09-17T03:22:33.417Z] [WHATSAPP] ⚠️ notLogged detectado para sessão joaosn - limpando tokens e forçando novo QR
[2025-09-17T03:22:33.676Z] [WHATSAPP] 🚀 Starting WppConnect - Session: joaosn
[2025-09-17T03:23:13.783Z] [WHATSAPP] 🚀 Starting WppConnect - Session: joaosn
[2025-09-17T03:23:35.329Z] [WHATSAPP] ⚠️ notLogged detectado para sessão joaosn - limpando tokens e forçando novo QR
