[2025-09-28T19:34:25.887Z] [ERROR] 🚨 Unhandled rejection: customLogger is not defined
[2025-09-28T19:36:37.146Z] [ERROR] [IA] Erro ao transcrever áudio: client.decryptFile is not a function
[2025-09-28T19:41:29.531Z] [ERROR] [MediaDecryptor] Falha ao descriptografar (webjs): downloadMedia não disponível no WhatsApp Web.js
[2025-09-28T19:41:29.532Z] [ERROR] [IA] Erro ao transcrever áudio: Erro na descriptografia: downloadMedia não disponível no WhatsApp Web.js
[2025-09-28T19:43:48.118Z] [ERROR] 🚨 Unhandled rejection: Assignment to constant variable.
[2025-09-28T19:46:37.991Z] [ERROR] 🚨 Unhandled rejection: Assignment to constant variable.
[2025-09-28T19:47:46.930Z] [ERROR] 🚨 Unhandled rejection: Assignment to constant variable.
[2025-09-28T19:48:33.131Z] [ERROR] 🚨 Unhandled rejection: Assignment to constant variable.
[2025-09-28T19:48:44.824Z] [ERROR] 🚨 Unhandled rejection: Assignment to constant variable.
[2025-09-28T19:49:11.060Z] [ERROR] 🚨 Unhandled rejection: Assignment to constant variable.
[2025-09-28T19:55:51.843Z] [ERROR] 🚨 Unhandled rejection: Assignment to constant variable.
[2025-09-28T19:55:51.844Z] [ERROR] 🚨 Stack trace (unhandledRejection):
[2025-09-28T19:55:51.844Z] [ERROR] TypeError: Assignment to constant variable.
    at Events.processMessage (C:\laragon\www\myzap\controllers\EventsController.js:74:38)
    at async Client.<anonymous> (C:\laragon\www\myzap\controllers\EventsController.js:29:9)
[2025-09-28T20:30:06.951Z] [ERROR] 🚨 Unhandled rejection: Cannot access 'plainBody' before initialization
[2025-09-28T20:30:06.952Z] [ERROR] [UNHANDLED META] typeof=object constructor=ReferenceError
[2025-09-28T20:30:06.952Z] [ERROR] ReferenceError: Cannot access 'plainBody' before initialization
    at Events.processMessage (C:\laragon\www\myzap\controllers\EventsController.js:46:48)
    at async Client.<anonymous> (C:\laragon\www\myzap\controllers\EventsController.js:29:9)
