[2025-09-28T19:29:54.461Z] [WHATSAPP] 🚀 Starting WhatsApp WebJS - Session: joaosn
[2025-09-28T19:29:54.478Z] [WHATSAPP] joaosn - useHere: false
[2025-09-28T19:29:54.478Z] [WHATSAPP] joaosn - Usando tokens da pasta instances/
[2025-09-28T19:29:54.479Z] [WHATSAPP] joaosn - Caminho da sessão: instances\joaosn
[2025-09-28T19:29:54.479Z] [WHATSAPP] ****** STARTING SESSION joaosn ******
[2025-09-28T19:29:54.481Z] [WHATSAPP] joaosn - 🚀 Inicializando cliente...
[2025-09-28T19:31:01.274Z] [WHATSAPP] 🚀 Starting WhatsApp WebJS - Session: joaosn
[2025-09-28T19:31:01.287Z] [WHATSAPP] joaosn - useHere: false
[2025-09-28T19:31:01.287Z] [WHATSAPP] joaosn - Usando tokens da pasta instances/
[2025-09-28T19:31:01.288Z] [WHATSAPP] joaosn - Caminho da sessão: instances\joaosn
[2025-09-28T19:31:01.288Z] [WHATSAPP] ****** STARTING SESSION joaosn ******
[2025-09-28T19:31:01.290Z] [WHATSAPP] joaosn - 🚀 Inicializando cliente...
[2025-09-28T19:32:10.689Z] [WHATSAPP] 🚀 Starting WhatsApp WebJS - Session: joaosn
[2025-09-28T19:32:10.705Z] [WHATSAPP] joaosn - useHere: false
[2025-09-28T19:32:10.706Z] [WHATSAPP] joaosn - Usando tokens da pasta instances/
[2025-09-28T19:32:10.706Z] [WHATSAPP] joaosn - Caminho da sessão: instances\joaosn
[2025-09-28T19:32:10.707Z] [WHATSAPP] ****** STARTING SESSION joaosn ******
[2025-09-28T19:32:10.708Z] [WHATSAPP] joaosn - 🚀 Inicializando cliente...
[2025-09-28T19:34:15.711Z] [WHATSAPP] 🚀 Starting WhatsApp WebJS - Session: joaosn
[2025-09-28T19:34:15.726Z] [WHATSAPP] joaosn - useHere: false
[2025-09-28T19:34:15.726Z] [WHATSAPP] joaosn - Usando tokens da pasta instances/
[2025-09-28T19:34:15.726Z] [WHATSAPP] joaosn - Caminho da sessão: instances\joaosn
[2025-09-28T19:34:15.727Z] [WHATSAPP] ****** STARTING SESSION joaosn ******
[2025-09-28T19:34:15.729Z] [WHATSAPP] joaosn - 🚀 Inicializando cliente...
[2025-09-28T19:34:36.783Z] [WHATSAPP] 🚀 Starting WhatsApp WebJS - Session: joaosn
[2025-09-28T19:34:36.802Z] [WHATSAPP] joaosn - useHere: false
[2025-09-28T19:34:36.803Z] [WHATSAPP] joaosn - Usando tokens da pasta instances/
[2025-09-28T19:34:36.803Z] [WHATSAPP] joaosn - Caminho da sessão: instances\joaosn
[2025-09-28T19:34:36.804Z] [WHATSAPP] ****** STARTING SESSION joaosn ******
[2025-09-28T19:34:36.806Z] [WHATSAPP] joaosn - 🚀 Inicializando cliente...
[2025-09-28T19:35:53.504Z] [WHATSAPP] 🚀 Starting WhatsApp WebJS - Session: joaosn
[2025-09-28T19:35:53.525Z] [WHATSAPP] joaosn - useHere: false
[2025-09-28T19:35:53.526Z] [WHATSAPP] joaosn - Usando tokens da pasta instances/
[2025-09-28T19:35:53.526Z] [WHATSAPP] joaosn - Caminho da sessão: instances\joaosn
[2025-09-28T19:35:53.527Z] [WHATSAPP] ****** STARTING SESSION joaosn ******
[2025-09-28T19:35:53.529Z] [WHATSAPP] joaosn - 🚀 Inicializando cliente...
[2025-09-28T19:36:13.436Z] [WHATSAPP] 🚀 Starting WhatsApp WebJS - Session: joaosn
[2025-09-28T19:36:13.450Z] [WHATSAPP] joaosn - useHere: false
[2025-09-28T19:36:13.450Z] [WHATSAPP] joaosn - Usando tokens da pasta instances/
[2025-09-28T19:36:13.450Z] [WHATSAPP] joaosn - Caminho da sessão: instances\joaosn
[2025-09-28T19:36:13.451Z] [WHATSAPP] ****** STARTING SESSION joaosn ******
[2025-09-28T19:36:13.453Z] [WHATSAPP] joaosn - 🚀 Inicializando cliente...
[2025-09-28T19:41:02.117Z] [WHATSAPP] 🚀 Starting WhatsApp WebJS - Session: joaosn
[2025-09-28T19:41:02.132Z] [WHATSAPP] joaosn - useHere: false
[2025-09-28T19:41:02.132Z] [WHATSAPP] joaosn - Usando tokens da pasta instances/
[2025-09-28T19:41:02.133Z] [WHATSAPP] joaosn - Caminho da sessão: instances\joaosn
[2025-09-28T19:41:02.133Z] [WHATSAPP] ****** STARTING SESSION joaosn ******
[2025-09-28T19:41:02.135Z] [WHATSAPP] joaosn - 🚀 Inicializando cliente...
[2025-09-28T19:43:11.637Z] [WHATSAPP] 🚀 Starting WhatsApp WebJS - Session: joaosn
[2025-09-28T19:43:11.654Z] [WHATSAPP] joaosn - useHere: false
[2025-09-28T19:43:11.654Z] [WHATSAPP] joaosn - Usando tokens da pasta instances/
[2025-09-28T19:43:11.654Z] [WHATSAPP] joaosn - Caminho da sessão: instances\joaosn
[2025-09-28T19:43:11.655Z] [WHATSAPP] ****** STARTING SESSION joaosn ******
[2025-09-28T19:43:11.657Z] [WHATSAPP] joaosn - 🚀 Inicializando cliente...
[2025-09-28T19:44:48.191Z] [WHATSAPP] 🚀 Starting WhatsApp WebJS - Session: joaosn
[2025-09-28T19:44:48.211Z] [WHATSAPP] joaosn - useHere: false
[2025-09-28T19:44:48.211Z] [WHATSAPP] joaosn - Usando tokens da pasta instances/
[2025-09-28T19:44:48.211Z] [WHATSAPP] joaosn - Caminho da sessão: instances\joaosn
[2025-09-28T19:44:48.212Z] [WHATSAPP] ****** STARTING SESSION joaosn ******
[2025-09-28T19:44:48.214Z] [WHATSAPP] joaosn - 🚀 Inicializando cliente...
[2025-09-28T19:45:32.205Z] [WHATSAPP] 🚀 Starting WhatsApp WebJS - Session: joaosn
[2025-09-28T19:45:32.223Z] [WHATSAPP] joaosn - useHere: false
[2025-09-28T19:45:32.223Z] [WHATSAPP] joaosn - Usando tokens da pasta instances/
[2025-09-28T19:45:32.224Z] [WHATSAPP] joaosn - Caminho da sessão: instances\joaosn
[2025-09-28T19:45:32.224Z] [WHATSAPP] ****** STARTING SESSION joaosn ******
[2025-09-28T19:45:32.227Z] [WHATSAPP] joaosn - 🚀 Inicializando cliente...
[2025-09-28T19:46:11.730Z] [WHATSAPP] 🚀 Starting WhatsApp WebJS - Session: joaosn
[2025-09-28T19:46:11.748Z] [WHATSAPP] joaosn - useHere: false
[2025-09-28T19:46:11.748Z] [WHATSAPP] joaosn - Usando tokens da pasta instances/
[2025-09-28T19:46:11.749Z] [WHATSAPP] joaosn - Caminho da sessão: instances\joaosn
[2025-09-28T19:46:11.749Z] [WHATSAPP] ****** STARTING SESSION joaosn ******
[2025-09-28T19:46:11.751Z] [WHATSAPP] joaosn - 🚀 Inicializando cliente...
[2025-09-28T19:46:51.189Z] [WHATSAPP] 🚀 Starting WhatsApp WebJS - Session: joaosn
[2025-09-28T19:46:51.207Z] [WHATSAPP] joaosn - useHere: false
[2025-09-28T19:46:51.207Z] [WHATSAPP] joaosn - Usando tokens da pasta instances/
[2025-09-28T19:46:51.208Z] [WHATSAPP] joaosn - Caminho da sessão: instances\joaosn
[2025-09-28T19:46:51.208Z] [WHATSAPP] ****** STARTING SESSION joaosn ******
[2025-09-28T19:46:51.210Z] [WHATSAPP] joaosn - 🚀 Inicializando cliente...
[2025-09-28T19:47:10.609Z] [WHATSAPP] 🚀 Starting WhatsApp WebJS - Session: joaosn
[2025-09-28T19:47:10.624Z] [WHATSAPP] joaosn - useHere: false
[2025-09-28T19:47:10.624Z] [WHATSAPP] joaosn - Usando tokens da pasta instances/
[2025-09-28T19:47:10.624Z] [WHATSAPP] joaosn - Caminho da sessão: instances\joaosn
[2025-09-28T19:47:10.625Z] [WHATSAPP] ****** STARTING SESSION joaosn ******
[2025-09-28T19:47:10.627Z] [WHATSAPP] joaosn - 🚀 Inicializando cliente...
[2025-09-28T19:47:23.079Z] [WHATSAPP] 🚀 Starting WhatsApp WebJS - Session: joaosn
[2025-09-28T19:47:23.093Z] [WHATSAPP] joaosn - useHere: false
[2025-09-28T19:47:23.093Z] [WHATSAPP] joaosn - Usando tokens da pasta instances/
[2025-09-28T19:47:23.093Z] [WHATSAPP] joaosn - Caminho da sessão: instances\joaosn
[2025-09-28T19:47:23.094Z] [WHATSAPP] ****** STARTING SESSION joaosn ******
[2025-09-28T19:47:23.096Z] [WHATSAPP] joaosn - 🚀 Inicializando cliente...
[2025-09-28T19:48:18.493Z] [WHATSAPP] 🚀 Starting WhatsApp WebJS - Session: joaosn
[2025-09-28T19:48:18.511Z] [WHATSAPP] joaosn - useHere: false
[2025-09-28T19:48:18.512Z] [WHATSAPP] joaosn - Usando tokens da pasta instances/
[2025-09-28T19:48:18.512Z] [WHATSAPP] joaosn - Caminho da sessão: instances\joaosn
[2025-09-28T19:48:18.513Z] [WHATSAPP] ****** STARTING SESSION joaosn ******
[2025-09-28T19:48:18.515Z] [WHATSAPP] joaosn - 🚀 Inicializando cliente...
[2025-09-28T19:50:21.518Z] [WHATSAPP] 🚀 Starting WhatsApp WebJS - Session: joaosn
[2025-09-28T19:50:21.534Z] [WHATSAPP] joaosn - useHere: false
[2025-09-28T19:50:21.534Z] [WHATSAPP] joaosn - Usando tokens da pasta instances/
[2025-09-28T19:50:21.535Z] [WHATSAPP] joaosn - Caminho da sessão: instances\joaosn
[2025-09-28T19:50:21.535Z] [WHATSAPP] ****** STARTING SESSION joaosn ******
[2025-09-28T19:50:21.538Z] [WHATSAPP] joaosn - 🚀 Inicializando cliente...
[2025-09-28T19:54:35.208Z] [WHATSAPP] 🚀 Starting WhatsApp WebJS - Session: joaosn
[2025-09-28T19:54:35.225Z] [WHATSAPP] joaosn - useHere: false
[2025-09-28T19:54:35.226Z] [WHATSAPP] joaosn - Usando tokens da pasta instances/
[2025-09-28T19:54:35.226Z] [WHATSAPP] joaosn - Caminho da sessão: instances\joaosn
[2025-09-28T19:54:35.227Z] [WHATSAPP] ****** STARTING SESSION joaosn ******
[2025-09-28T19:54:35.228Z] [WHATSAPP] joaosn - 🚀 Inicializando cliente...
[2025-09-28T19:55:28.739Z] [WHATSAPP] 🚀 Starting WhatsApp WebJS - Session: joaosn
[2025-09-28T19:55:28.753Z] [WHATSAPP] joaosn - useHere: false
[2025-09-28T19:55:28.753Z] [WHATSAPP] joaosn - Usando tokens da pasta instances/
[2025-09-28T19:55:28.754Z] [WHATSAPP] joaosn - Caminho da sessão: instances\joaosn
[2025-09-28T19:55:28.754Z] [WHATSAPP] ****** STARTING SESSION joaosn ******
[2025-09-28T19:55:28.756Z] [WHATSAPP] joaosn - 🚀 Inicializando cliente...
[2025-09-28T19:59:55.498Z] [WHATSAPP] 🚀 Starting WhatsApp WebJS - Session: joaosn
[2025-09-28T19:59:55.512Z] [WHATSAPP] joaosn - useHere: false
[2025-09-28T19:59:55.512Z] [WHATSAPP] joaosn - Usando tokens da pasta instances/
[2025-09-28T19:59:55.512Z] [WHATSAPP] joaosn - Caminho da sessão: instances\joaosn
[2025-09-28T19:59:55.513Z] [WHATSAPP] ****** STARTING SESSION joaosn ******
[2025-09-28T19:59:55.514Z] [WHATSAPP] joaosn - 🚀 Inicializando cliente...
[2025-09-28T20:01:19.334Z] [WHATSAPP] 🚀 Starting WhatsApp WebJS - Session: joaosn
[2025-09-28T20:01:19.348Z] [WHATSAPP] joaosn - useHere: false
[2025-09-28T20:01:19.348Z] [WHATSAPP] joaosn - Usando tokens da pasta instances/
[2025-09-28T20:01:19.348Z] [WHATSAPP] joaosn - Caminho da sessão: instances\joaosn
[2025-09-28T20:01:19.349Z] [WHATSAPP] ****** STARTING SESSION joaosn ******
[2025-09-28T20:01:19.351Z] [WHATSAPP] joaosn - 🚀 Inicializando cliente...
[2025-09-28T20:02:43.042Z] [WHATSAPP] 🚀 Starting WhatsApp WebJS - Session: joaosn
[2025-09-28T20:02:43.055Z] [WHATSAPP] joaosn - useHere: false
[2025-09-28T20:02:43.055Z] [WHATSAPP] joaosn - Usando tokens da pasta instances/
[2025-09-28T20:02:43.056Z] [WHATSAPP] joaosn - Caminho da sessão: instances\joaosn
[2025-09-28T20:02:43.057Z] [WHATSAPP] ****** STARTING SESSION joaosn ******
[2025-09-28T20:02:43.058Z] [WHATSAPP] joaosn - 🚀 Inicializando cliente...
[2025-09-28T20:04:39.867Z] [WHATSAPP] 🚀 Starting WhatsApp WebJS - Session: joaosn
[2025-09-28T20:04:39.880Z] [WHATSAPP] joaosn - useHere: false
[2025-09-28T20:04:39.881Z] [WHATSAPP] joaosn - Usando tokens da pasta instances/
[2025-09-28T20:04:39.881Z] [WHATSAPP] joaosn - Caminho da sessão: instances\joaosn
[2025-09-28T20:04:39.882Z] [WHATSAPP] ****** STARTING SESSION joaosn ******
[2025-09-28T20:04:39.884Z] [WHATSAPP] joaosn - 🚀 Inicializando cliente...
[2025-09-28T20:04:57.713Z] [WHATSAPP] 🚀 Starting WhatsApp WebJS - Session: joaosn
[2025-09-28T20:04:57.728Z] [WHATSAPP] joaosn - useHere: false
[2025-09-28T20:04:57.728Z] [WHATSAPP] joaosn - Usando tokens da pasta instances/
[2025-09-28T20:04:57.728Z] [WHATSAPP] joaosn - Caminho da sessão: instances\joaosn
[2025-09-28T20:04:57.729Z] [WHATSAPP] ****** STARTING SESSION joaosn ******
[2025-09-28T20:04:57.731Z] [WHATSAPP] joaosn - 🚀 Inicializando cliente...
[2025-09-28T20:06:55.555Z] [WHATSAPP] 🚀 Starting WhatsApp WebJS - Session: joaosn
[2025-09-28T20:06:55.571Z] [WHATSAPP] joaosn - useHere: false
[2025-09-28T20:06:55.571Z] [WHATSAPP] joaosn - Usando tokens da pasta instances/
[2025-09-28T20:06:55.571Z] [WHATSAPP] joaosn - Caminho da sessão: instances\joaosn
[2025-09-28T20:06:55.572Z] [WHATSAPP] ****** STARTING SESSION joaosn ******
[2025-09-28T20:06:55.574Z] [WHATSAPP] joaosn - 🚀 Inicializando cliente...
[2025-09-28T20:11:20.074Z] [WHATSAPP] 🚀 Starting WhatsApp WebJS - Session: joaosn
[2025-09-28T20:11:20.089Z] [WHATSAPP] joaosn - useHere: false
[2025-09-28T20:11:20.089Z] [WHATSAPP] joaosn - Usando tokens da pasta instances/
[2025-09-28T20:11:20.089Z] [WHATSAPP] joaosn - Caminho da sessão: instances\joaosn
[2025-09-28T20:11:20.090Z] [WHATSAPP] ****** STARTING SESSION joaosn ******
[2025-09-28T20:11:20.092Z] [WHATSAPP] joaosn - 🚀 Inicializando cliente...
[2025-09-28T20:11:22.926Z] [WHATSAPP] 🚀 Starting WhatsApp WebJS - Session: joaosn
[2025-09-28T20:11:22.943Z] [WHATSAPP] joaosn - useHere: false
[2025-09-28T20:11:22.943Z] [WHATSAPP] joaosn - Usando tokens da pasta instances/
[2025-09-28T20:11:22.944Z] [WHATSAPP] joaosn - Caminho da sessão: instances\joaosn
[2025-09-28T20:11:22.944Z] [WHATSAPP] ****** STARTING SESSION joaosn ******
[2025-09-28T20:11:22.947Z] [WHATSAPP] joaosn - 🚀 Inicializando cliente...
[2025-09-28T20:15:37.423Z] [WHATSAPP] 🚀 Starting WhatsApp WebJS - Session: joaosn
[2025-09-28T20:15:37.438Z] [WHATSAPP] joaosn - useHere: false
[2025-09-28T20:15:37.438Z] [WHATSAPP] joaosn - Usando tokens da pasta instances/
[2025-09-28T20:15:37.438Z] [WHATSAPP] joaosn - Caminho da sessão: instances\joaosn
[2025-09-28T20:15:37.439Z] [WHATSAPP] ****** STARTING SESSION joaosn ******
[2025-09-28T20:15:37.440Z] [WHATSAPP] joaosn - 🚀 Inicializando cliente...
[2025-09-28T20:16:48.875Z] [WHATSAPP] 🚀 Starting WhatsApp WebJS - Session: joaosn
[2025-09-28T20:16:48.892Z] [WHATSAPP] joaosn - useHere: false
[2025-09-28T20:16:48.893Z] [WHATSAPP] joaosn - Usando tokens da pasta instances/
[2025-09-28T20:16:48.893Z] [WHATSAPP] joaosn - Caminho da sessão: instances\joaosn
[2025-09-28T20:16:48.894Z] [WHATSAPP] ****** STARTING SESSION joaosn ******
[2025-09-28T20:16:48.896Z] [WHATSAPP] joaosn - 🚀 Inicializando cliente...
[2025-09-28T20:17:39.408Z] [WHATSAPP] 🚀 Starting WhatsApp WebJS - Session: joaosn
[2025-09-28T20:17:39.427Z] [WHATSAPP] joaosn - useHere: false
[2025-09-28T20:17:39.427Z] [WHATSAPP] joaosn - Usando tokens da pasta instances/
[2025-09-28T20:17:39.428Z] [WHATSAPP] joaosn - Caminho da sessão: instances\joaosn
[2025-09-28T20:17:39.428Z] [WHATSAPP] ****** STARTING SESSION joaosn ******
[2025-09-28T20:17:39.430Z] [WHATSAPP] joaosn - 🚀 Inicializando cliente...
[2025-09-28T20:17:46.820Z] [WHATSAPP] 🚀 Starting WhatsApp WebJS - Session: joaosn
[2025-09-28T20:17:46.834Z] [WHATSAPP] joaosn - useHere: false
[2025-09-28T20:17:46.834Z] [WHATSAPP] joaosn - Usando tokens da pasta instances/
[2025-09-28T20:17:46.835Z] [WHATSAPP] joaosn - Caminho da sessão: instances\joaosn
[2025-09-28T20:17:46.835Z] [WHATSAPP] ****** STARTING SESSION joaosn ******
[2025-09-28T20:17:46.837Z] [WHATSAPP] joaosn - 🚀 Inicializando cliente...
[2025-09-28T20:19:27.711Z] [WHATSAPP] 🚀 Starting WhatsApp WebJS - Session: joaosn
[2025-09-28T20:19:27.733Z] [WHATSAPP] joaosn - useHere: false
[2025-09-28T20:19:27.734Z] [WHATSAPP] joaosn - Usando tokens da pasta instances/
[2025-09-28T20:19:27.734Z] [WHATSAPP] joaosn - Caminho da sessão: instances\joaosn
[2025-09-28T20:19:27.735Z] [WHATSAPP] ****** STARTING SESSION joaosn ******
[2025-09-28T20:19:27.737Z] [WHATSAPP] joaosn - 🚀 Inicializando cliente...
[2025-09-28T20:26:15.364Z] [WHATSAPP] 🚀 Starting WhatsApp WebJS - Session: joaosn
[2025-09-28T20:26:15.389Z] [WHATSAPP] joaosn - useHere: false
[2025-09-28T20:26:15.390Z] [WHATSAPP] joaosn - Usando tokens da pasta instances/
[2025-09-28T20:26:15.390Z] [WHATSAPP] joaosn - Caminho da sessão: instances\joaosn
[2025-09-28T20:26:15.391Z] [WHATSAPP] ****** STARTING SESSION joaosn ******
[2025-09-28T20:26:15.393Z] [WHATSAPP] joaosn - 🚀 Inicializando cliente...
[2025-09-28T20:27:42.133Z] [WHATSAPP] 🚀 Starting WhatsApp WebJS - Session: joaosn
[2025-09-28T20:27:42.149Z] [WHATSAPP] joaosn - useHere: false
[2025-09-28T20:27:42.150Z] [WHATSAPP] joaosn - Usando tokens da pasta instances/
[2025-09-28T20:27:42.150Z] [WHATSAPP] joaosn - Caminho da sessão: instances\joaosn
[2025-09-28T20:27:42.150Z] [WHATSAPP] ****** STARTING SESSION joaosn ******
[2025-09-28T20:27:42.152Z] [WHATSAPP] joaosn - 🚀 Inicializando cliente...
[2025-09-28T20:28:51.948Z] [WHATSAPP] 🚀 Starting WhatsApp WebJS - Session: joaosn
[2025-09-28T20:28:51.969Z] [WHATSAPP] joaosn - useHere: false
[2025-09-28T20:28:51.969Z] [WHATSAPP] joaosn - Usando tokens da pasta instances/
[2025-09-28T20:28:51.970Z] [WHATSAPP] joaosn - Caminho da sessão: instances\joaosn
[2025-09-28T20:28:51.970Z] [WHATSAPP] ****** STARTING SESSION joaosn ******
[2025-09-28T20:28:51.973Z] [WHATSAPP] joaosn - 🚀 Inicializando cliente...
[2025-09-28T20:28:55.494Z] [WHATSAPP] 🚀 Starting WhatsApp WebJS - Session: joaosn
[2025-09-28T20:28:55.510Z] [WHATSAPP] joaosn - useHere: false
[2025-09-28T20:28:55.510Z] [WHATSAPP] joaosn - Usando tokens da pasta instances/
[2025-09-28T20:28:55.510Z] [WHATSAPP] joaosn - Caminho da sessão: instances\joaosn
[2025-09-28T20:28:55.511Z] [WHATSAPP] ****** STARTING SESSION joaosn ******
[2025-09-28T20:28:55.513Z] [WHATSAPP] joaosn - 🚀 Inicializando cliente...
[2025-09-28T20:29:32.651Z] [WHATSAPP] 🚀 Starting WhatsApp WebJS - Session: joaosn
[2025-09-28T20:29:32.668Z] [WHATSAPP] joaosn - useHere: false
[2025-09-28T20:29:32.668Z] [WHATSAPP] joaosn - Usando tokens da pasta instances/
[2025-09-28T20:29:32.669Z] [WHATSAPP] joaosn - Caminho da sessão: instances\joaosn
[2025-09-28T20:29:32.670Z] [WHATSAPP] ****** STARTING SESSION joaosn ******
[2025-09-28T20:29:32.672Z] [WHATSAPP] joaosn - 🚀 Inicializando cliente...
[2025-09-28T20:29:41.197Z] [WHATSAPP] 🚀 Starting WhatsApp WebJS - Session: joaosn
[2025-09-28T20:29:41.213Z] [WHATSAPP] joaosn - useHere: false
[2025-09-28T20:29:41.213Z] [WHATSAPP] joaosn - Usando tokens da pasta instances/
[2025-09-28T20:29:41.213Z] [WHATSAPP] joaosn - Caminho da sessão: instances\joaosn
[2025-09-28T20:29:41.214Z] [WHATSAPP] ****** STARTING SESSION joaosn ******
[2025-09-28T20:29:41.216Z] [WHATSAPP] joaosn - 🚀 Inicializando cliente...
[2025-09-28T20:30:24.897Z] [WHATSAPP] 🚀 Starting WhatsApp WebJS - Session: joaosn
[2025-09-28T20:30:24.912Z] [WHATSAPP] joaosn - useHere: false
[2025-09-28T20:30:24.912Z] [WHATSAPP] joaosn - Usando tokens da pasta instances/
[2025-09-28T20:30:24.912Z] [WHATSAPP] joaosn - Caminho da sessão: instances\joaosn
[2025-09-28T20:30:24.913Z] [WHATSAPP] ****** STARTING SESSION joaosn ******
[2025-09-28T20:30:24.914Z] [WHATSAPP] joaosn - 🚀 Inicializando cliente...
[2025-09-28T20:31:10.691Z] [WHATSAPP] 🚀 Starting WhatsApp WebJS - Session: joaosn
[2025-09-28T20:31:10.706Z] [WHATSAPP] joaosn - useHere: false
[2025-09-28T20:31:10.707Z] [WHATSAPP] joaosn - Usando tokens da pasta instances/
[2025-09-28T20:31:10.707Z] [WHATSAPP] joaosn - Caminho da sessão: instances\joaosn
[2025-09-28T20:31:10.708Z] [WHATSAPP] ****** STARTING SESSION joaosn ******
[2025-09-28T20:31:10.710Z] [WHATSAPP] joaosn - 🚀 Inicializando cliente...
[2025-09-28T20:31:54.365Z] [WHATSAPP] 🚀 Starting WhatsApp WebJS - Session: joaosn
[2025-09-28T20:31:54.378Z] [WHATSAPP] joaosn - useHere: false
[2025-09-28T20:31:54.378Z] [WHATSAPP] joaosn - Usando tokens da pasta instances/
[2025-09-28T20:31:54.379Z] [WHATSAPP] joaosn - Caminho da sessão: instances\joaosn
[2025-09-28T20:31:54.379Z] [WHATSAPP] ****** STARTING SESSION joaosn ******
[2025-09-28T20:31:54.381Z] [WHATSAPP] joaosn - 🚀 Inicializando cliente...
[2025-09-28T20:35:02.342Z] [WHATSAPP] 🚀 Starting WhatsApp WebJS - Session: joaosn
[2025-09-28T20:35:02.364Z] [WHATSAPP] joaosn - useHere: false
[2025-09-28T20:35:02.365Z] [WHATSAPP] joaosn - Usando tokens da pasta instances/
[2025-09-28T20:35:02.365Z] [WHATSAPP] joaosn - Caminho da sessão: instances\joaosn
[2025-09-28T20:35:02.366Z] [WHATSAPP] ****** STARTING SESSION joaosn ******
[2025-09-28T20:35:02.368Z] [WHATSAPP] joaosn - 🚀 Inicializando cliente...
[2025-09-28T20:35:05.180Z] [WHATSAPP] 🚀 Starting WhatsApp WebJS - Session: joaosn
[2025-09-28T20:35:05.195Z] [WHATSAPP] joaosn - useHere: false
[2025-09-28T20:35:05.195Z] [WHATSAPP] joaosn - Usando tokens da pasta instances/
[2025-09-28T20:35:05.195Z] [WHATSAPP] joaosn - Caminho da sessão: instances\joaosn
[2025-09-28T20:35:05.196Z] [WHATSAPP] ****** STARTING SESSION joaosn ******
[2025-09-28T20:35:05.197Z] [WHATSAPP] joaosn - 🚀 Inicializando cliente...
[2025-09-28T20:35:28.587Z] [WHATSAPP] 🚀 Starting WhatsApp WebJS - Session: joaosn
[2025-09-28T20:35:28.606Z] [WHATSAPP] joaosn - useHere: false
[2025-09-28T20:35:28.606Z] [WHATSAPP] joaosn - Usando tokens da pasta instances/
[2025-09-28T20:35:28.607Z] [WHATSAPP] joaosn - Caminho da sessão: instances\joaosn
[2025-09-28T20:35:28.607Z] [WHATSAPP] ****** STARTING SESSION joaosn ******
[2025-09-28T20:35:28.609Z] [WHATSAPP] joaosn - 🚀 Inicializando cliente...
[2025-09-28T20:36:54.038Z] [WHATSAPP] 🚀 Starting WhatsApp WebJS - Session: joaosn
[2025-09-28T20:36:54.054Z] [WHATSAPP] joaosn - useHere: false
[2025-09-28T20:36:54.054Z] [WHATSAPP] joaosn - Usando tokens da pasta instances/
[2025-09-28T20:36:54.055Z] [WHATSAPP] joaosn - Caminho da sessão: instances\joaosn
[2025-09-28T20:36:54.055Z] [WHATSAPP] ****** STARTING SESSION joaosn ******
[2025-09-28T20:36:54.057Z] [WHATSAPP] joaosn - 🚀 Inicializando cliente...
[2025-09-28T20:38:51.395Z] [WHATSAPP] 🚀 Starting WhatsApp WebJS - Session: joaosn
[2025-09-28T20:38:51.414Z] [WHATSAPP] joaosn - useHere: false
[2025-09-28T20:38:51.415Z] [WHATSAPP] joaosn - Usando tokens da pasta instances/
[2025-09-28T20:38:51.415Z] [WHATSAPP] joaosn - Caminho da sessão: instances\joaosn
[2025-09-28T20:38:51.416Z] [WHATSAPP] ****** STARTING SESSION joaosn ******
[2025-09-28T20:38:51.417Z] [WHATSAPP] joaosn - 🚀 Inicializando cliente...
[2025-09-28T20:38:53.867Z] [WHATSAPP] 🚀 Starting WhatsApp WebJS - Session: joaosn
[2025-09-28T20:38:53.884Z] [WHATSAPP] joaosn - useHere: false
[2025-09-28T20:38:53.885Z] [WHATSAPP] joaosn - Usando tokens da pasta instances/
[2025-09-28T20:38:53.885Z] [WHATSAPP] joaosn - Caminho da sessão: instances\joaosn
[2025-09-28T20:38:53.886Z] [WHATSAPP] ****** STARTING SESSION joaosn ******
[2025-09-28T20:38:53.888Z] [WHATSAPP] joaosn - 🚀 Inicializando cliente...
[2025-09-28T20:38:55.336Z] [WHATSAPP] 🚀 Starting WhatsApp WebJS - Session: joaosn
[2025-09-28T20:38:55.356Z] [WHATSAPP] joaosn - useHere: false
[2025-09-28T20:38:55.356Z] [WHATSAPP] joaosn - Usando tokens da pasta instances/
[2025-09-28T20:38:55.357Z] [WHATSAPP] joaosn - Caminho da sessão: instances\joaosn
[2025-09-28T20:38:55.357Z] [WHATSAPP] ****** STARTING SESSION joaosn ******
[2025-09-28T20:38:55.360Z] [WHATSAPP] joaosn - 🚀 Inicializando cliente...
[2025-09-28T20:43:24.807Z] [WHATSAPP] 🚀 Starting WhatsApp WebJS - Session: joaosn
[2025-09-28T20:43:24.821Z] [WHATSAPP] joaosn - useHere: false
[2025-09-28T20:43:24.821Z] [WHATSAPP] joaosn - Usando tokens da pasta instances/
[2025-09-28T20:43:24.822Z] [WHATSAPP] joaosn - Caminho da sessão: instances\joaosn
[2025-09-28T20:43:24.822Z] [WHATSAPP] ****** STARTING SESSION joaosn ******
[2025-09-28T20:43:24.824Z] [WHATSAPP] joaosn - 🚀 Inicializando cliente...
[2025-09-28T20:46:24.237Z] [WHATSAPP] 🚀 Starting WhatsApp WebJS - Session: joaosn
[2025-09-28T20:46:24.252Z] [WHATSAPP] joaosn - useHere: false
[2025-09-28T20:46:24.252Z] [WHATSAPP] joaosn - Usando tokens da pasta instances/
[2025-09-28T20:46:24.253Z] [WHATSAPP] joaosn - Caminho da sessão: instances\joaosn
[2025-09-28T20:46:24.253Z] [WHATSAPP] ****** STARTING SESSION joaosn ******
[2025-09-28T20:46:24.255Z] [WHATSAPP] joaosn - 🚀 Inicializando cliente...
[2025-09-28T20:47:06.238Z] [WHATSAPP] 🚀 Starting WhatsApp WebJS - Session: joaosn
[2025-09-28T20:47:06.252Z] [WHATSAPP] joaosn - useHere: false
[2025-09-28T20:47:06.252Z] [WHATSAPP] joaosn - Usando tokens da pasta instances/
[2025-09-28T20:47:06.253Z] [WHATSAPP] joaosn - Caminho da sessão: instances\joaosn
[2025-09-28T20:47:06.253Z] [WHATSAPP] ****** STARTING SESSION joaosn ******
[2025-09-28T20:47:06.255Z] [WHATSAPP] joaosn - 🚀 Inicializando cliente...
[2025-09-28T20:51:27.090Z] [WHATSAPP] 🚀 Starting WhatsApp WebJS - Session: joaosn
[2025-09-28T20:51:27.105Z] [WHATSAPP] joaosn - useHere: false
[2025-09-28T20:51:27.106Z] [WHATSAPP] joaosn - Usando tokens da pasta instances/
[2025-09-28T20:51:27.106Z] [WHATSAPP] joaosn - Caminho da sessão: instances\joaosn
[2025-09-28T20:51:27.107Z] [WHATSAPP] ****** STARTING SESSION joaosn ******
[2025-09-28T20:51:27.108Z] [WHATSAPP] joaosn - 🚀 Inicializando cliente...
[2025-09-28T20:54:39.602Z] [WHATSAPP] 🚀 Starting WhatsApp WebJS - Session: joaosn
[2025-09-28T20:54:39.615Z] [WHATSAPP] joaosn - useHere: false
[2025-09-28T20:54:39.615Z] [WHATSAPP] joaosn - Usando tokens da pasta instances/
[2025-09-28T20:54:39.616Z] [WHATSAPP] joaosn - Caminho da sessão: instances\joaosn
[2025-09-28T20:54:39.616Z] [WHATSAPP] ****** STARTING SESSION joaosn ******
[2025-09-28T20:54:39.617Z] [WHATSAPP] joaosn - 🚀 Inicializando cliente...
