[2025-09-14T20:50:34.155Z] [ERROR] 🚨 Unhandled rejection: client?.downloadMedia is not a function
[2025-09-14T20:50:34.748Z] [ERROR] 🚨 Unhandled rejection: Cannot read properties of undefined (reading 'ack')
[2025-09-14T20:50:35.363Z] [ERROR] 🚨 Unhandled rejection: Cannot read properties of undefined (reading 'ack')
[2025-09-14T20:52:21.137Z] [ERROR] 🚨 Unhandled rejection: Cannot read properties of undefined (reading 'message')
[2025-09-14T20:52:21.161Z] [ERROR] 🚨 Unhandled rejection: Cannot read properties of undefined (reading 'events')
[2025-09-14T20:52:22.509Z] [ERROR] 🚨 Unhandled rejection: Cannot read properties of undefined (reading 'ack')
[2025-09-14T20:52:48.496Z] [ERROR] 🚨 Unhandled rejection: client?.downloadMedia is not a function
[2025-09-14T20:53:39.426Z] [ERROR] 🚨 Unhandled rejection: Cannot read properties of undefined (reading 'ack')
[2025-09-14T20:57:47.590Z] [ERROR] 🚨 Unhandled rejection: Cannot read properties of undefined (reading 'events')
[2025-09-14T20:58:51.163Z] [ERROR] 🚨 Unhandled rejection: Cannot read properties of undefined (reading 'events')
[2025-09-14T21:01:53.449Z] [ERROR] 🚨 Unhandled rejection: Cannot read properties of undefined (reading 'message')
[2025-09-14T21:01:53.474Z] [ERROR] 🚨 Unhandled rejection: Cannot read properties of undefined (reading 'events')
[2025-09-14T21:03:22.655Z] [ERROR] 🚨 Unhandled rejection: Cannot read properties of undefined (reading 'message')
[2025-09-14T21:03:22.669Z] [ERROR] 🚨 Unhandled rejection: Cannot read properties of undefined (reading 'events')
[2025-09-14T21:07:47.589Z] [ERROR] 🚨 Unhandled rejection: Cannot read properties of undefined (reading 'message')
[2025-09-14T21:07:50.744Z] [ERROR] 🚨 Unhandled rejection: Cannot read properties of undefined (reading 'events')
[2025-09-14T21:07:50.816Z] [ERROR] 🚨 Unhandled rejection: Cannot read properties of undefined (reading 'message')
[2025-09-14T21:07:50.862Z] [ERROR] 🚨 Unhandled rejection: Cannot read properties of undefined (reading 'events')
[2025-09-14T21:11:53.221Z] [ERROR] 🚨 Unhandled rejection: Cannot read properties of undefined (reading 'events')
[2025-09-14T21:12:29.007Z] [ERROR] 🚨 Unhandled rejection: Timeout na inicialização da sessão joaosn (5 minutos)
[2025-09-14T21:12:29.117Z] [ERROR] 🚨 Unhandled rejection: Timeout na inicialização da sessão joaosn (5 minutos)
[2025-09-14T21:12:29.262Z] [ERROR] 🚨 Unhandled rejection: Timeout na inicialização da sessão joaosn (5 minutos)
[2025-09-14T21:12:29.289Z] [ERROR] 🚨 Unhandled rejection: Timeout na inicialização da sessão joaosn (5 minutos)
[2025-09-14T21:12:30.962Z] [ERROR] 🚨 Unhandled rejection: Timeout na inicialização da sessão joaosn (5 minutos)
[2025-09-14T21:12:31.036Z] [ERROR] 🚨 Unhandled rejection: Timeout na inicialização da sessão joaosn (5 minutos)
[2025-09-14T21:12:31.037Z] [ERROR] 🚨 Unhandled rejection: Timeout na inicialização da sessão joaosn (5 minutos)
[2025-09-14T21:12:31.051Z] [ERROR] 🚨 Unhandled rejection: Timeout na inicialização da sessão joaosn (5 minutos)
[2025-09-14T21:12:31.946Z] [ERROR] 🚨 Unhandled rejection: Timeout na inicialização da sessão joaosn (5 minutos)
[2025-09-14T21:12:31.947Z] [ERROR] 🚨 Unhandled rejection: Timeout na inicialização da sessão joaosn (5 minutos)
[2025-09-14T21:12:32.889Z] [ERROR] 🚨 Unhandled rejection: Timeout na inicialização da sessão joaosn (5 minutos)
[2025-09-14T21:12:33.153Z] [ERROR] 🚨 Unhandled rejection: Timeout na inicialização da sessão joaosn (5 minutos)
[2025-09-14T21:12:33.202Z] [ERROR] 🚨 Unhandled rejection: Timeout na inicialização da sessão joaosn (5 minutos)
[2025-09-14T21:12:33.846Z] [ERROR] 🚨 Unhandled rejection: Timeout na inicialização da sessão joaosn (5 minutos)
[2025-09-14T21:12:34.563Z] [ERROR] 🚨 Unhandled rejection: Timeout na inicialização da sessão joaosn (5 minutos)
[2025-09-14T21:12:34.966Z] [ERROR] 🚨 Unhandled rejection: Timeout na inicialização da sessão joaosn (5 minutos)
[2025-09-14T21:12:35.350Z] [ERROR] 🚨 Unhandled rejection: Timeout na inicialização da sessão joaosn (5 minutos)
[2025-09-14T21:12:35.738Z] [ERROR] 🚨 Unhandled rejection: Timeout na inicialização da sessão joaosn (5 minutos)
[2025-09-14T21:12:44.655Z] [ERROR] 🚨 Unhandled rejection: Timeout na inicialização da sessão joaosn (5 minutos)
[2025-09-14T21:12:44.935Z] [ERROR] 🚨 Unhandled rejection: Timeout na inicialização da sessão joaosn (5 minutos)
[2025-09-14T21:12:44.937Z] [ERROR] 🚨 Unhandled rejection: Timeout na inicialização da sessão joaosn (5 minutos)
[2025-09-14T21:13:08.385Z] [ERROR] 🚨 Unhandled rejection: Cannot read properties of undefined (reading 'message')
[2025-09-14T21:18:52.763Z] [ERROR] 🚨 Unhandled rejection: Cannot read properties of undefined (reading 'events')
[2025-09-14T21:19:49.902Z] [ERROR] 🚨 Unhandled rejection: Cannot read properties of undefined (reading 'message')
[2025-09-14T21:19:52.836Z] [ERROR] 🚨 Unhandled rejection: Cannot read properties of undefined (reading 'message')
[2025-09-14T21:19:53.704Z] [ERROR] 🚨 Unhandled rejection: Cannot read properties of undefined (reading 'events')
[2025-09-14T21:20:59.070Z] [ERROR] 🚨 Unhandled rejection: Cannot read properties of undefined (reading 'events')
[2025-09-14T21:21:35.684Z] [ERROR] 🚨 Unhandled rejection: Cannot read properties of undefined (reading 'events')
[2025-09-14T21:21:36.817Z] [ERROR] 🚨 Unhandled rejection: Cannot read properties of undefined (reading 'events')
[2025-09-14T21:21:38.143Z] [ERROR] 🚨 Unhandled rejection: Cannot read properties of undefined (reading 'events')
[2025-09-14T21:23:05.464Z] [ERROR] 🚨 Unhandled rejection: Cannot read properties of undefined (reading 'message')
[2025-09-14T21:23:05.556Z] [ERROR] 🚨 Unhandled rejection: Cannot read properties of undefined (reading 'events')
[2025-09-14T21:23:06.128Z] [ERROR] 🚨 Unhandled rejection: Cannot read properties of undefined (reading 'message')
[2025-09-14T21:23:06.148Z] [ERROR] 🚨 Unhandled rejection: Cannot read properties of undefined (reading 'events')
[2025-09-14T21:24:16.857Z] [ERROR] 🚨 Unhandled rejection: Cannot read properties of undefined (reading 'events')
[2025-09-14T21:24:30.205Z] [ERROR] 🚨 Unhandled rejection: Timeout na inicialização da sessão joaosn (5 minutos)
[2025-09-14T21:24:30.801Z] [ERROR] 🚨 Unhandled rejection: Timeout na inicialização da sessão joaosn (5 minutos)
[2025-09-14T21:24:31.465Z] [ERROR] 🚨 Unhandled rejection: Timeout na inicialização da sessão joaosn (5 minutos)
[2025-09-14T21:24:31.652Z] [ERROR] 🚨 Unhandled rejection: Timeout na inicialização da sessão joaosn (5 minutos)
[2025-09-14T21:24:32.066Z] [ERROR] 🚨 Unhandled rejection: Timeout na inicialização da sessão joaosn (5 minutos)
[2025-09-14T21:24:32.351Z] [ERROR] 🚨 Unhandled rejection: Timeout na inicialização da sessão joaosn (5 minutos)
[2025-09-14T21:24:32.394Z] [ERROR] 🚨 Unhandled rejection: Timeout na inicialização da sessão joaosn (5 minutos)
[2025-09-14T21:24:32.400Z] [ERROR] 🚨 Unhandled rejection: Timeout na inicialização da sessão joaosn (5 minutos)
[2025-09-14T21:24:32.472Z] [ERROR] 🚨 Unhandled rejection: Timeout na inicialização da sessão joaosn (5 minutos)
[2025-09-14T21:24:32.584Z] [ERROR] 🚨 Unhandled rejection: Timeout na inicialização da sessão joaosn (5 minutos)
[2025-09-14T21:24:32.650Z] [ERROR] 🚨 Unhandled rejection: Timeout na inicialização da sessão joaosn (5 minutos)
[2025-09-14T21:24:33.794Z] [ERROR] 🚨 Unhandled rejection: Timeout na inicialização da sessão joaosn (5 minutos)
[2025-09-14T21:24:34.518Z] [ERROR] 🚨 Unhandled rejection: Timeout na inicialização da sessão joaosn (5 minutos)
[2025-09-14T21:24:35.038Z] [ERROR] 🚨 Unhandled rejection: Timeout na inicialização da sessão joaosn (5 minutos)
