[2025-09-14T20:50:22.612Z] [WHATSAPP] 🚀 Starting WhatsApp WebJS - Session: joaosn
[2025-09-14T20:50:22.628Z] [WHATSAPP] joaosn - useHere: false
[2025-09-14T20:50:22.628Z] [WHATSAPP] joaosn - Usando tokens da pasta instances/
[2025-09-14T20:50:22.628Z] [WHATSAPP] joaosn - Caminho da sessão: instances\joaosn
[2025-09-14T20:50:22.629Z] [WHATSAPP] ****** STARTING SESSION joaosn ******
[2025-09-14T20:50:22.631Z] [WHATSAPP] joaosn - 🚀 Inicializando cliente...
[2025-09-14T20:50:26.439Z] [WHATSAPP] 🚀 Starting WhatsApp WebJS - Session: joaosn
[2025-09-14T20:50:26.453Z] [WHATSAPP] joaosn - useHere: false
[2025-09-14T20:50:26.454Z] [WHATSAPP] joaosn - Usando tokens da pasta instances/
[2025-09-14T20:50:26.454Z] [WHATSAPP] joaosn - Caminho da sessão: instances\joaosn
[2025-09-14T20:50:26.458Z] [WHATSAPP] ****** STARTING SESSION joaosn ******
[2025-09-14T20:50:26.459Z] [WHATSAPP] joaosn - 🚀 Inicializando cliente...
[2025-09-14T20:50:28.073Z] [WHATSAPP] 🚀 Starting WhatsApp WebJS - Session: joaosn
[2025-09-14T20:50:28.085Z] [WHATSAPP] joaosn - useHere: false
[2025-09-14T20:50:28.086Z] [WHATSAPP] joaosn - Usando tokens da pasta instances/
[2025-09-14T20:50:28.086Z] [WHATSAPP] joaosn - Caminho da sessão: instances\joaosn
[2025-09-14T20:50:28.087Z] [WHATSAPP] ****** STARTING SESSION joaosn ******
[2025-09-14T20:50:28.088Z] [WHATSAPP] joaosn - 🚀 Inicializando cliente...
[2025-09-14T20:50:29.654Z] [WHATSAPP] 🚀 Starting WhatsApp WebJS - Session: joaosn
[2025-09-14T20:50:29.672Z] [WHATSAPP] joaosn - useHere: false
[2025-09-14T20:50:29.672Z] [WHATSAPP] joaosn - Usando tokens da pasta instances/
[2025-09-14T20:50:29.673Z] [WHATSAPP] joaosn - Caminho da sessão: instances\joaosn
[2025-09-14T20:50:29.675Z] [WHATSAPP] ****** STARTING SESSION joaosn ******
[2025-09-14T20:50:29.677Z] [WHATSAPP] joaosn - 🚀 Inicializando cliente...
[2025-09-14T20:52:03.149Z] [WHATSAPP] 🚀 Starting WhatsApp WebJS - Session: joaosn
[2025-09-14T20:52:03.164Z] [WHATSAPP] joaosn - useHere: false
[2025-09-14T20:52:03.165Z] [WHATSAPP] joaosn - Usando tokens da pasta instances/
[2025-09-14T20:52:03.165Z] [WHATSAPP] joaosn - Caminho da sessão: instances\joaosn
[2025-09-14T20:52:03.166Z] [WHATSAPP] ****** STARTING SESSION joaosn ******
[2025-09-14T20:52:03.168Z] [WHATSAPP] joaosn - 🚀 Inicializando cliente...
[2025-09-14T20:52:04.061Z] [WHATSAPP] 🚀 Starting WhatsApp WebJS - Session: joaosn
[2025-09-14T20:52:04.073Z] [WHATSAPP] joaosn - useHere: false
[2025-09-14T20:52:04.074Z] [WHATSAPP] joaosn - Usando tokens da pasta instances/
[2025-09-14T20:52:04.074Z] [WHATSAPP] joaosn - Caminho da sessão: instances\joaosn
[2025-09-14T20:52:04.075Z] [WHATSAPP] ****** STARTING SESSION joaosn ******
[2025-09-14T20:52:04.076Z] [WHATSAPP] joaosn - 🚀 Inicializando cliente...
[2025-09-14T20:52:05.104Z] [WHATSAPP] 🚀 Starting WhatsApp WebJS - Session: joaosn
[2025-09-14T20:52:05.115Z] [WHATSAPP] joaosn - useHere: false
[2025-09-14T20:52:05.115Z] [WHATSAPP] joaosn - Usando tokens da pasta instances/
[2025-09-14T20:52:05.115Z] [WHATSAPP] joaosn - Caminho da sessão: instances\joaosn
[2025-09-14T20:52:05.116Z] [WHATSAPP] ****** STARTING SESSION joaosn ******
[2025-09-14T20:52:05.117Z] [WHATSAPP] joaosn - 🚀 Inicializando cliente...
[2025-09-14T20:52:06.182Z] [WHATSAPP] 🚀 Starting WhatsApp WebJS - Session: joaosn
[2025-09-14T20:52:06.195Z] [WHATSAPP] joaosn - useHere: false
[2025-09-14T20:52:06.195Z] [WHATSAPP] joaosn - Usando tokens da pasta instances/
[2025-09-14T20:52:06.196Z] [WHATSAPP] joaosn - Caminho da sessão: instances\joaosn
[2025-09-14T20:52:06.196Z] [WHATSAPP] ****** STARTING SESSION joaosn ******
[2025-09-14T20:52:06.197Z] [WHATSAPP] joaosn - 🚀 Inicializando cliente...
[2025-09-14T20:52:07.201Z] [WHATSAPP] 🚀 Starting WhatsApp WebJS - Session: joaosn
[2025-09-14T20:52:07.254Z] [WHATSAPP] joaosn - useHere: false
[2025-09-14T20:52:07.254Z] [WHATSAPP] joaosn - Usando tokens da pasta instances/
[2025-09-14T20:52:07.254Z] [WHATSAPP] joaosn - Caminho da sessão: instances\joaosn
[2025-09-14T20:52:07.256Z] [WHATSAPP] ****** STARTING SESSION joaosn ******
[2025-09-14T20:52:07.261Z] [WHATSAPP] joaosn - 🚀 Inicializando cliente...
[2025-09-14T20:52:09.066Z] [WHATSAPP] 🚀 Starting WhatsApp WebJS - Session: joaosn
[2025-09-14T20:52:09.081Z] [WHATSAPP] joaosn - useHere: false
[2025-09-14T20:52:09.081Z] [WHATSAPP] joaosn - Usando tokens da pasta instances/
[2025-09-14T20:52:09.081Z] [WHATSAPP] joaosn - Caminho da sessão: instances\joaosn
[2025-09-14T20:52:09.082Z] [WHATSAPP] ****** STARTING SESSION joaosn ******
[2025-09-14T20:52:09.083Z] [WHATSAPP] joaosn - 🚀 Inicializando cliente...
[2025-09-14T20:52:10.058Z] [WHATSAPP] 🚀 Starting WhatsApp WebJS - Session: joaosn
[2025-09-14T20:52:10.068Z] [WHATSAPP] joaosn - useHere: false
[2025-09-14T20:52:10.069Z] [WHATSAPP] joaosn - Usando tokens da pasta instances/
[2025-09-14T20:52:10.069Z] [WHATSAPP] joaosn - Caminho da sessão: instances\joaosn
[2025-09-14T20:52:10.070Z] [WHATSAPP] ****** STARTING SESSION joaosn ******
[2025-09-14T20:52:10.070Z] [WHATSAPP] joaosn - 🚀 Inicializando cliente...
[2025-09-14T20:52:11.064Z] [WHATSAPP] 🚀 Starting WhatsApp WebJS - Session: joaosn
[2025-09-14T20:52:11.080Z] [WHATSAPP] joaosn - useHere: false
[2025-09-14T20:52:11.080Z] [WHATSAPP] joaosn - Usando tokens da pasta instances/
[2025-09-14T20:52:11.080Z] [WHATSAPP] joaosn - Caminho da sessão: instances\joaosn
[2025-09-14T20:52:11.081Z] [WHATSAPP] ****** STARTING SESSION joaosn ******
[2025-09-14T20:52:11.082Z] [WHATSAPP] joaosn - 🚀 Inicializando cliente...
[2025-09-14T20:56:53.999Z] [WHATSAPP] 🚀 Starting WhatsApp WebJS - Session: joaosn
[2025-09-14T20:56:54.013Z] [WHATSAPP] joaosn - useHere: false
[2025-09-14T20:56:54.013Z] [WHATSAPP] joaosn - Usando tokens da pasta instances/
[2025-09-14T20:56:54.014Z] [WHATSAPP] joaosn - Caminho da sessão: instances\joaosn
[2025-09-14T20:56:54.014Z] [WHATSAPP] ****** STARTING SESSION joaosn ******
[2025-09-14T20:56:54.017Z] [WHATSAPP] joaosn - 🚀 Inicializando cliente...
[2025-09-14T20:56:55.099Z] [WHATSAPP] 🚀 Starting WhatsApp WebJS - Session: joaosn
[2025-09-14T20:56:55.111Z] [WHATSAPP] joaosn - useHere: false
[2025-09-14T20:56:55.111Z] [WHATSAPP] joaosn - Usando tokens da pasta instances/
[2025-09-14T20:56:55.112Z] [WHATSAPP] joaosn - Caminho da sessão: instances\joaosn
[2025-09-14T20:56:55.112Z] [WHATSAPP] ****** STARTING SESSION joaosn ******
[2025-09-14T20:56:55.114Z] [WHATSAPP] joaosn - 🚀 Inicializando cliente...
[2025-09-14T21:01:14.138Z] [WHATSAPP] 🚀 Starting WhatsApp WebJS - Session: joaosn
[2025-09-14T21:01:14.150Z] [WHATSAPP] joaosn - useHere: false
[2025-09-14T21:01:14.150Z] [WHATSAPP] joaosn - Usando tokens da pasta instances/
[2025-09-14T21:01:14.151Z] [WHATSAPP] joaosn - Caminho da sessão: instances\joaosn
[2025-09-14T21:01:14.151Z] [WHATSAPP] ****** STARTING SESSION joaosn ******
[2025-09-14T21:01:14.153Z] [WHATSAPP] joaosn - 🚀 Inicializando cliente...
[2025-09-14T21:07:28.086Z] [WHATSAPP] 🚀 Starting WhatsApp WebJS - Session: joaosn
[2025-09-14T21:07:28.099Z] [WHATSAPP] joaosn - useHere: false
[2025-09-14T21:07:28.100Z] [WHATSAPP] joaosn - Usando tokens da pasta instances/
[2025-09-14T21:07:28.100Z] [WHATSAPP] joaosn - Caminho da sessão: instances\joaosn
[2025-09-14T21:07:28.100Z] [WHATSAPP] ****** STARTING SESSION joaosn ******
[2025-09-14T21:07:28.102Z] [WHATSAPP] joaosn - 🚀 Inicializando cliente...
[2025-09-14T21:07:28.994Z] [WHATSAPP] 🚀 Starting WhatsApp WebJS - Session: joaosn
[2025-09-14T21:07:29.009Z] [WHATSAPP] joaosn - useHere: false
[2025-09-14T21:07:29.009Z] [WHATSAPP] joaosn - Usando tokens da pasta instances/
[2025-09-14T21:07:29.009Z] [WHATSAPP] joaosn - Caminho da sessão: instances\joaosn
[2025-09-14T21:07:29.010Z] [WHATSAPP] ****** STARTING SESSION joaosn ******
[2025-09-14T21:07:29.011Z] [WHATSAPP] joaosn - 🚀 Inicializando cliente...
[2025-09-14T21:07:29.114Z] [WHATSAPP] 🚀 Starting WhatsApp WebJS - Session: joaosn
[2025-09-14T21:07:29.128Z] [WHATSAPP] joaosn - useHere: false
[2025-09-14T21:07:29.128Z] [WHATSAPP] joaosn - Usando tokens da pasta instances/
[2025-09-14T21:07:29.129Z] [WHATSAPP] joaosn - Caminho da sessão: instances\joaosn
[2025-09-14T21:07:29.129Z] [WHATSAPP] ****** STARTING SESSION joaosn ******
[2025-09-14T21:07:29.131Z] [WHATSAPP] joaosn - 🚀 Inicializando cliente...
[2025-09-14T21:07:29.247Z] [WHATSAPP] 🚀 Starting WhatsApp WebJS - Session: joaosn
[2025-09-14T21:07:29.280Z] [WHATSAPP] 🚀 Starting WhatsApp WebJS - Session: joaosn
[2025-09-14T21:07:29.361Z] [WHATSAPP] joaosn - useHere: false
[2025-09-14T21:07:29.362Z] [WHATSAPP] joaosn - Usando tokens da pasta instances/
[2025-09-14T21:07:29.362Z] [WHATSAPP] joaosn - Caminho da sessão: instances\joaosn
[2025-09-14T21:07:29.363Z] [WHATSAPP] ****** STARTING SESSION joaosn ******
[2025-09-14T21:07:29.381Z] [WHATSAPP] joaosn - 🚀 Inicializando cliente...
[2025-09-14T21:07:29.413Z] [WHATSAPP] joaosn - useHere: false
[2025-09-14T21:07:29.414Z] [WHATSAPP] joaosn - Usando tokens da pasta instances/
[2025-09-14T21:07:29.414Z] [WHATSAPP] joaosn - Caminho da sessão: instances\joaosn
[2025-09-14T21:07:29.415Z] [WHATSAPP] ****** STARTING SESSION joaosn ******
[2025-09-14T21:07:29.420Z] [WHATSAPP] joaosn - 🚀 Inicializando cliente...
[2025-09-14T21:07:30.945Z] [WHATSAPP] 🚀 Starting WhatsApp WebJS - Session: joaosn
[2025-09-14T21:07:30.954Z] [WHATSAPP] joaosn - useHere: false
[2025-09-14T21:07:30.955Z] [WHATSAPP] joaosn - Usando tokens da pasta instances/
[2025-09-14T21:07:30.955Z] [WHATSAPP] joaosn - Caminho da sessão: instances\joaosn
[2025-09-14T21:07:30.956Z] [WHATSAPP] ****** STARTING SESSION joaosn ******
[2025-09-14T21:07:30.957Z] [WHATSAPP] joaosn - 🚀 Inicializando cliente...
[2025-09-14T21:07:31.032Z] [WHATSAPP] 🚀 Starting WhatsApp WebJS - Session: joaosn
[2025-09-14T21:07:31.038Z] [WHATSAPP] 🚀 Starting WhatsApp WebJS - Session: joaosn
[2025-09-14T21:07:31.048Z] [WHATSAPP] 🚀 Starting WhatsApp WebJS - Session: joaosn
[2025-09-14T21:07:31.108Z] [WHATSAPP] joaosn - useHere: false
[2025-09-14T21:07:31.108Z] [WHATSAPP] joaosn - Usando tokens da pasta instances/
[2025-09-14T21:07:31.109Z] [WHATSAPP] joaosn - Caminho da sessão: instances\joaosn
[2025-09-14T21:07:31.112Z] [WHATSAPP] ****** STARTING SESSION joaosn ******
[2025-09-14T21:07:31.115Z] [WHATSAPP] joaosn - 🚀 Inicializando cliente...
[2025-09-14T21:07:31.145Z] [WHATSAPP] joaosn - useHere: false
[2025-09-14T21:07:31.145Z] [WHATSAPP] joaosn - Usando tokens da pasta instances/
[2025-09-14T21:07:31.146Z] [WHATSAPP] joaosn - Caminho da sessão: instances\joaosn
[2025-09-14T21:07:31.146Z] [WHATSAPP] ****** STARTING SESSION joaosn ******
[2025-09-14T21:07:31.151Z] [WHATSAPP] joaosn - 🚀 Inicializando cliente...
[2025-09-14T21:07:31.167Z] [WHATSAPP] joaosn - useHere: false
[2025-09-14T21:07:31.168Z] [WHATSAPP] joaosn - Usando tokens da pasta instances/
[2025-09-14T21:07:31.168Z] [WHATSAPP] joaosn - Caminho da sessão: instances\joaosn
[2025-09-14T21:07:31.168Z] [WHATSAPP] ****** STARTING SESSION joaosn ******
[2025-09-14T21:07:31.177Z] [WHATSAPP] joaosn - 🚀 Inicializando cliente...
[2025-09-14T21:07:31.933Z] [WHATSAPP] 🚀 Starting WhatsApp WebJS - Session: joaosn
[2025-09-14T21:07:31.940Z] [WHATSAPP] 🚀 Starting WhatsApp WebJS - Session: joaosn
[2025-09-14T21:07:31.983Z] [WHATSAPP] joaosn - useHere: false
[2025-09-14T21:07:31.983Z] [WHATSAPP] joaosn - Usando tokens da pasta instances/
[2025-09-14T21:07:31.984Z] [WHATSAPP] joaosn - Caminho da sessão: instances\joaosn
[2025-09-14T21:07:31.985Z] [WHATSAPP] ****** STARTING SESSION joaosn ******
[2025-09-14T21:07:31.986Z] [WHATSAPP] joaosn - 🚀 Inicializando cliente...
[2025-09-14T21:07:32.029Z] [WHATSAPP] joaosn - useHere: false
[2025-09-14T21:07:32.030Z] [WHATSAPP] joaosn - Usando tokens da pasta instances/
[2025-09-14T21:07:32.030Z] [WHATSAPP] joaosn - Caminho da sessão: instances\joaosn
[2025-09-14T21:07:32.031Z] [WHATSAPP] ****** STARTING SESSION joaosn ******
[2025-09-14T21:07:32.033Z] [WHATSAPP] joaosn - 🚀 Inicializando cliente...
[2025-09-14T21:07:32.868Z] [WHATSAPP] 🚀 Starting WhatsApp WebJS - Session: joaosn
[2025-09-14T21:07:32.877Z] [WHATSAPP] joaosn - useHere: false
[2025-09-14T21:07:32.877Z] [WHATSAPP] joaosn - Usando tokens da pasta instances/
[2025-09-14T21:07:32.877Z] [WHATSAPP] joaosn - Caminho da sessão: instances\joaosn
[2025-09-14T21:07:32.878Z] [WHATSAPP] ****** STARTING SESSION joaosn ******
[2025-09-14T21:07:32.879Z] [WHATSAPP] joaosn - 🚀 Inicializando cliente...
[2025-09-14T21:07:33.137Z] [WHATSAPP] 🚀 Starting WhatsApp WebJS - Session: joaosn
[2025-09-14T21:07:33.153Z] [WHATSAPP] joaosn - useHere: false
[2025-09-14T21:07:33.153Z] [WHATSAPP] joaosn - Usando tokens da pasta instances/
[2025-09-14T21:07:33.154Z] [WHATSAPP] joaosn - Caminho da sessão: instances\joaosn
[2025-09-14T21:07:33.154Z] [WHATSAPP] ****** STARTING SESSION joaosn ******
[2025-09-14T21:07:33.158Z] [WHATSAPP] joaosn - 🚀 Inicializando cliente...
[2025-09-14T21:07:33.193Z] [WHATSAPP] 🚀 Starting WhatsApp WebJS - Session: joaosn
[2025-09-14T21:07:33.213Z] [WHATSAPP] joaosn - useHere: false
[2025-09-14T21:07:33.213Z] [WHATSAPP] joaosn - Usando tokens da pasta instances/
[2025-09-14T21:07:33.213Z] [WHATSAPP] joaosn - Caminho da sessão: instances\joaosn
[2025-09-14T21:07:33.214Z] [WHATSAPP] ****** STARTING SESSION joaosn ******
[2025-09-14T21:07:33.215Z] [WHATSAPP] joaosn - 🚀 Inicializando cliente...
[2025-09-14T21:07:33.839Z] [WHATSAPP] 🚀 Starting WhatsApp WebJS - Session: joaosn
[2025-09-14T21:07:33.851Z] [WHATSAPP] joaosn - useHere: false
[2025-09-14T21:07:33.851Z] [WHATSAPP] joaosn - Usando tokens da pasta instances/
[2025-09-14T21:07:33.851Z] [WHATSAPP] joaosn - Caminho da sessão: instances\joaosn
[2025-09-14T21:07:33.852Z] [WHATSAPP] ****** STARTING SESSION joaosn ******
[2025-09-14T21:07:33.855Z] [WHATSAPP] joaosn - 🚀 Inicializando cliente...
[2025-09-14T21:07:34.553Z] [WHATSAPP] 🚀 Starting WhatsApp WebJS - Session: joaosn
[2025-09-14T21:07:34.563Z] [WHATSAPP] joaosn - useHere: false
[2025-09-14T21:07:34.564Z] [WHATSAPP] joaosn - Usando tokens da pasta instances/
[2025-09-14T21:07:34.564Z] [WHATSAPP] joaosn - Caminho da sessão: instances\joaosn
[2025-09-14T21:07:34.564Z] [WHATSAPP] ****** STARTING SESSION joaosn ******
[2025-09-14T21:07:34.566Z] [WHATSAPP] joaosn - 🚀 Inicializando cliente...
[2025-09-14T21:07:34.963Z] [WHATSAPP] 🚀 Starting WhatsApp WebJS - Session: joaosn
[2025-09-14T21:07:34.976Z] [WHATSAPP] joaosn - useHere: false
[2025-09-14T21:07:34.976Z] [WHATSAPP] joaosn - Usando tokens da pasta instances/
[2025-09-14T21:07:34.977Z] [WHATSAPP] joaosn - Caminho da sessão: instances\joaosn
[2025-09-14T21:07:34.977Z] [WHATSAPP] ****** STARTING SESSION joaosn ******
[2025-09-14T21:07:34.979Z] [WHATSAPP] joaosn - 🚀 Inicializando cliente...
[2025-09-14T21:07:35.345Z] [WHATSAPP] 🚀 Starting WhatsApp WebJS - Session: joaosn
[2025-09-14T21:07:35.368Z] [WHATSAPP] joaosn - useHere: false
[2025-09-14T21:07:35.368Z] [WHATSAPP] joaosn - Usando tokens da pasta instances/
[2025-09-14T21:07:35.369Z] [WHATSAPP] joaosn - Caminho da sessão: instances\joaosn
[2025-09-14T21:07:35.369Z] [WHATSAPP] ****** STARTING SESSION joaosn ******
[2025-09-14T21:07:35.375Z] [WHATSAPP] joaosn - 🚀 Inicializando cliente...
[2025-09-14T21:07:35.722Z] [WHATSAPP] 🚀 Starting WhatsApp WebJS - Session: joaosn
[2025-09-14T21:07:35.751Z] [WHATSAPP] joaosn - useHere: false
[2025-09-14T21:07:35.752Z] [WHATSAPP] joaosn - Usando tokens da pasta instances/
[2025-09-14T21:07:35.752Z] [WHATSAPP] joaosn - Caminho da sessão: instances\joaosn
[2025-09-14T21:07:35.753Z] [WHATSAPP] ****** STARTING SESSION joaosn ******
[2025-09-14T21:07:35.754Z] [WHATSAPP] joaosn - 🚀 Inicializando cliente...
[2025-09-14T21:07:44.641Z] [WHATSAPP] 🚀 Starting WhatsApp WebJS - Session: joaosn
[2025-09-14T21:07:44.930Z] [WHATSAPP] 🚀 Starting WhatsApp WebJS - Session: joaosn
[2025-09-14T21:07:44.934Z] [WHATSAPP] 🚀 Starting WhatsApp WebJS - Session: joaosn
[2025-09-14T21:07:45.054Z] [WHATSAPP] joaosn - useHere: false
[2025-09-14T21:07:45.055Z] [WHATSAPP] joaosn - Usando tokens da pasta instances/
[2025-09-14T21:07:45.055Z] [WHATSAPP] joaosn - Caminho da sessão: instances\joaosn
[2025-09-14T21:07:45.056Z] [WHATSAPP] ****** STARTING SESSION joaosn ******
[2025-09-14T21:07:45.057Z] [WHATSAPP] joaosn - 🚀 Inicializando cliente...
[2025-09-14T21:07:45.077Z] [WHATSAPP] joaosn - useHere: false
[2025-09-14T21:07:45.077Z] [WHATSAPP] joaosn - Usando tokens da pasta instances/
[2025-09-14T21:07:45.078Z] [WHATSAPP] joaosn - Caminho da sessão: instances\joaosn
[2025-09-14T21:07:45.078Z] [WHATSAPP] ****** STARTING SESSION joaosn ******
[2025-09-14T21:07:45.079Z] [WHATSAPP] joaosn - 🚀 Inicializando cliente...
[2025-09-14T21:07:45.099Z] [WHATSAPP] joaosn - useHere: false
[2025-09-14T21:07:45.099Z] [WHATSAPP] joaosn - Usando tokens da pasta instances/
[2025-09-14T21:07:45.099Z] [WHATSAPP] joaosn - Caminho da sessão: instances\joaosn
[2025-09-14T21:07:45.100Z] [WHATSAPP] ****** STARTING SESSION joaosn ******
[2025-09-14T21:07:45.109Z] [WHATSAPP] joaosn - 🚀 Inicializando cliente...
[2025-09-14T21:16:53.517Z] [WHATSAPP] 🚀 Starting WhatsApp WebJS - Session: joaosn
[2025-09-14T21:16:53.531Z] [WHATSAPP] joaosn - useHere: false
[2025-09-14T21:16:53.531Z] [WHATSAPP] joaosn - Usando tokens da pasta instances/
[2025-09-14T21:16:53.532Z] [WHATSAPP] joaosn - Caminho da sessão: instances\joaosn
[2025-09-14T21:16:53.532Z] [WHATSAPP] ****** STARTING SESSION joaosn ******
[2025-09-14T21:16:53.534Z] [WHATSAPP] joaosn - 🚀 Inicializando cliente...
[2025-09-14T21:16:58.785Z] [WHATSAPP] 🚀 Starting WhatsApp WebJS - Session: joaosn
[2025-09-14T21:16:58.796Z] [WHATSAPP] joaosn - useHere: false
[2025-09-14T21:16:58.796Z] [WHATSAPP] joaosn - Usando tokens da pasta instances/
[2025-09-14T21:16:58.797Z] [WHATSAPP] joaosn - Caminho da sessão: instances\joaosn
[2025-09-14T21:16:58.797Z] [WHATSAPP] ****** STARTING SESSION joaosn ******
[2025-09-14T21:16:58.798Z] [WHATSAPP] joaosn - 🚀 Inicializando cliente...
[2025-09-14T21:16:59.150Z] [WHATSAPP] 🚀 Starting WhatsApp WebJS - Session: joaosn
[2025-09-14T21:16:59.162Z] [WHATSAPP] joaosn - useHere: false
[2025-09-14T21:16:59.162Z] [WHATSAPP] joaosn - Usando tokens da pasta instances/
[2025-09-14T21:16:59.162Z] [WHATSAPP] joaosn - Caminho da sessão: instances\joaosn
[2025-09-14T21:16:59.163Z] [WHATSAPP] ****** STARTING SESSION joaosn ******
[2025-09-14T21:16:59.164Z] [WHATSAPP] joaosn - 🚀 Inicializando cliente...
[2025-09-14T21:16:59.796Z] [WHATSAPP] 🚀 Starting WhatsApp WebJS - Session: joaosn
[2025-09-14T21:16:59.808Z] [WHATSAPP] joaosn - useHere: false
[2025-09-14T21:16:59.808Z] [WHATSAPP] joaosn - Usando tokens da pasta instances/
[2025-09-14T21:16:59.809Z] [WHATSAPP] joaosn - Caminho da sessão: instances\joaosn
[2025-09-14T21:16:59.809Z] [WHATSAPP] ****** STARTING SESSION joaosn ******
[2025-09-14T21:16:59.810Z] [WHATSAPP] joaosn - 🚀 Inicializando cliente...
[2025-09-14T21:19:28.720Z] [WHATSAPP] 🚀 Starting WhatsApp WebJS - Session: joaosn
[2025-09-14T21:19:28.732Z] [WHATSAPP] joaosn - useHere: false
[2025-09-14T21:19:28.732Z] [WHATSAPP] joaosn - Usando tokens da pasta instances/
[2025-09-14T21:19:28.733Z] [WHATSAPP] joaosn - Caminho da sessão: instances\joaosn
[2025-09-14T21:19:28.734Z] [WHATSAPP] ****** STARTING SESSION joaosn ******
[2025-09-14T21:19:28.736Z] [WHATSAPP] joaosn - 🚀 Inicializando cliente...
[2025-09-14T21:19:30.200Z] [WHATSAPP] 🚀 Starting WhatsApp WebJS - Session: joaosn
[2025-09-14T21:19:30.214Z] [WHATSAPP] joaosn - useHere: false
[2025-09-14T21:19:30.215Z] [WHATSAPP] joaosn - Usando tokens da pasta instances/
[2025-09-14T21:19:30.215Z] [WHATSAPP] joaosn - Caminho da sessão: instances\joaosn
[2025-09-14T21:19:30.216Z] [WHATSAPP] ****** STARTING SESSION joaosn ******
[2025-09-14T21:19:30.217Z] [WHATSAPP] joaosn - 🚀 Inicializando cliente...
[2025-09-14T21:19:30.790Z] [WHATSAPP] 🚀 Starting WhatsApp WebJS - Session: joaosn
[2025-09-14T21:19:30.798Z] [WHATSAPP] joaosn - useHere: false
[2025-09-14T21:19:30.799Z] [WHATSAPP] joaosn - Usando tokens da pasta instances/
[2025-09-14T21:19:30.799Z] [WHATSAPP] joaosn - Caminho da sessão: instances\joaosn
[2025-09-14T21:19:30.800Z] [WHATSAPP] ****** STARTING SESSION joaosn ******
[2025-09-14T21:19:30.800Z] [WHATSAPP] joaosn - 🚀 Inicializando cliente...
[2025-09-14T21:19:31.460Z] [WHATSAPP] 🚀 Starting WhatsApp WebJS - Session: joaosn
[2025-09-14T21:19:31.470Z] [WHATSAPP] joaosn - useHere: false
[2025-09-14T21:19:31.470Z] [WHATSAPP] joaosn - Usando tokens da pasta instances/
[2025-09-14T21:19:31.470Z] [WHATSAPP] joaosn - Caminho da sessão: instances\joaosn
[2025-09-14T21:19:31.470Z] [WHATSAPP] ****** STARTING SESSION joaosn ******
[2025-09-14T21:19:31.471Z] [WHATSAPP] joaosn - 🚀 Inicializando cliente...
[2025-09-14T21:19:31.644Z] [WHATSAPP] 🚀 Starting WhatsApp WebJS - Session: joaosn
[2025-09-14T21:19:31.655Z] [WHATSAPP] joaosn - useHere: false
[2025-09-14T21:19:31.655Z] [WHATSAPP] joaosn - Usando tokens da pasta instances/
[2025-09-14T21:19:31.655Z] [WHATSAPP] joaosn - Caminho da sessão: instances\joaosn
[2025-09-14T21:19:31.656Z] [WHATSAPP] ****** STARTING SESSION joaosn ******
[2025-09-14T21:19:31.657Z] [WHATSAPP] joaosn - 🚀 Inicializando cliente...
[2025-09-14T21:19:32.058Z] [WHATSAPP] 🚀 Starting WhatsApp WebJS - Session: joaosn
[2025-09-14T21:19:32.067Z] [WHATSAPP] joaosn - useHere: false
[2025-09-14T21:19:32.068Z] [WHATSAPP] joaosn - Usando tokens da pasta instances/
[2025-09-14T21:19:32.068Z] [WHATSAPP] joaosn - Caminho da sessão: instances\joaosn
[2025-09-14T21:19:32.068Z] [WHATSAPP] ****** STARTING SESSION joaosn ******
[2025-09-14T21:19:32.069Z] [WHATSAPP] joaosn - 🚀 Inicializando cliente...
[2025-09-14T21:19:32.335Z] [WHATSAPP] 🚀 Starting WhatsApp WebJS - Session: joaosn
[2025-09-14T21:19:32.347Z] [WHATSAPP] joaosn - useHere: false
[2025-09-14T21:19:32.347Z] [WHATSAPP] joaosn - Usando tokens da pasta instances/
[2025-09-14T21:19:32.348Z] [WHATSAPP] joaosn - Caminho da sessão: instances\joaosn
[2025-09-14T21:19:32.348Z] [WHATSAPP] ****** STARTING SESSION joaosn ******
[2025-09-14T21:19:32.350Z] [WHATSAPP] joaosn - 🚀 Inicializando cliente...
[2025-09-14T21:19:32.387Z] [WHATSAPP] 🚀 Starting WhatsApp WebJS - Session: joaosn
[2025-09-14T21:19:32.391Z] [WHATSAPP] 🚀 Starting WhatsApp WebJS - Session: joaosn
[2025-09-14T21:19:32.419Z] [WHATSAPP] joaosn - useHere: false
[2025-09-14T21:19:32.420Z] [WHATSAPP] joaosn - Usando tokens da pasta instances/
[2025-09-14T21:19:32.420Z] [WHATSAPP] joaosn - Caminho da sessão: instances\joaosn
[2025-09-14T21:19:32.420Z] [WHATSAPP] ****** STARTING SESSION joaosn ******
[2025-09-14T21:19:32.421Z] [WHATSAPP] joaosn - 🚀 Inicializando cliente...
[2025-09-14T21:19:32.438Z] [WHATSAPP] joaosn - useHere: false
[2025-09-14T21:19:32.439Z] [WHATSAPP] joaosn - Usando tokens da pasta instances/
[2025-09-14T21:19:32.439Z] [WHATSAPP] joaosn - Caminho da sessão: instances\joaosn
[2025-09-14T21:19:32.439Z] [WHATSAPP] ****** STARTING SESSION joaosn ******
[2025-09-14T21:19:32.441Z] [WHATSAPP] joaosn - 🚀 Inicializando cliente...
[2025-09-14T21:19:32.462Z] [WHATSAPP] 🚀 Starting WhatsApp WebJS - Session: joaosn
[2025-09-14T21:19:32.474Z] [WHATSAPP] joaosn - useHere: false
[2025-09-14T21:19:32.474Z] [WHATSAPP] joaosn - Usando tokens da pasta instances/
[2025-09-14T21:19:32.474Z] [WHATSAPP] joaosn - Caminho da sessão: instances\joaosn
[2025-09-14T21:19:32.475Z] [WHATSAPP] ****** STARTING SESSION joaosn ******
[2025-09-14T21:19:32.476Z] [WHATSAPP] joaosn - 🚀 Inicializando cliente...
[2025-09-14T21:19:32.571Z] [WHATSAPP] 🚀 Starting WhatsApp WebJS - Session: joaosn
[2025-09-14T21:19:32.604Z] [WHATSAPP] joaosn - useHere: false
[2025-09-14T21:19:32.604Z] [WHATSAPP] joaosn - Usando tokens da pasta instances/
[2025-09-14T21:19:32.605Z] [WHATSAPP] joaosn - Caminho da sessão: instances\joaosn
[2025-09-14T21:19:32.605Z] [WHATSAPP] ****** STARTING SESSION joaosn ******
[2025-09-14T21:19:32.606Z] [WHATSAPP] joaosn - 🚀 Inicializando cliente...
[2025-09-14T21:19:32.637Z] [WHATSAPP] 🚀 Starting WhatsApp WebJS - Session: joaosn
[2025-09-14T21:19:32.652Z] [WHATSAPP] joaosn - useHere: false
[2025-09-14T21:19:32.652Z] [WHATSAPP] joaosn - Usando tokens da pasta instances/
[2025-09-14T21:19:32.652Z] [WHATSAPP] joaosn - Caminho da sessão: instances\joaosn
[2025-09-14T21:19:32.653Z] [WHATSAPP] ****** STARTING SESSION joaosn ******
[2025-09-14T21:19:32.654Z] [WHATSAPP] joaosn - 🚀 Inicializando cliente...
[2025-09-14T21:19:33.791Z] [WHATSAPP] 🚀 Starting WhatsApp WebJS - Session: joaosn
[2025-09-14T21:19:33.809Z] [WHATSAPP] joaosn - useHere: false
[2025-09-14T21:19:33.810Z] [WHATSAPP] joaosn - Usando tokens da pasta instances/
[2025-09-14T21:19:33.810Z] [WHATSAPP] joaosn - Caminho da sessão: instances\joaosn
[2025-09-14T21:19:33.810Z] [WHATSAPP] ****** STARTING SESSION joaosn ******
[2025-09-14T21:19:33.812Z] [WHATSAPP] joaosn - 🚀 Inicializando cliente...
[2025-09-14T21:19:34.510Z] [WHATSAPP] 🚀 Starting WhatsApp WebJS - Session: joaosn
[2025-09-14T21:19:34.519Z] [WHATSAPP] joaosn - useHere: false
[2025-09-14T21:19:34.519Z] [WHATSAPP] joaosn - Usando tokens da pasta instances/
[2025-09-14T21:19:34.520Z] [WHATSAPP] joaosn - Caminho da sessão: instances\joaosn
[2025-09-14T21:19:34.520Z] [WHATSAPP] ****** STARTING SESSION joaosn ******
[2025-09-14T21:19:34.524Z] [WHATSAPP] joaosn - 🚀 Inicializando cliente...
[2025-09-14T21:19:35.031Z] [WHATSAPP] 🚀 Starting WhatsApp WebJS - Session: joaosn
[2025-09-14T21:19:35.042Z] [WHATSAPP] joaosn - useHere: false
[2025-09-14T21:19:35.042Z] [WHATSAPP] joaosn - Usando tokens da pasta instances/
[2025-09-14T21:19:35.043Z] [WHATSAPP] joaosn - Caminho da sessão: instances\joaosn
[2025-09-14T21:19:35.043Z] [WHATSAPP] ****** STARTING SESSION joaosn ******
[2025-09-14T21:19:35.045Z] [WHATSAPP] joaosn - 🚀 Inicializando cliente...
[2025-09-14T21:19:35.923Z] [WHATSAPP] 🚀 Starting WhatsApp WebJS - Session: joaosn
[2025-09-14T21:19:35.937Z] [WHATSAPP] joaosn - useHere: false
[2025-09-14T21:19:35.937Z] [WHATSAPP] joaosn - Usando tokens da pasta instances/
[2025-09-14T21:19:35.938Z] [WHATSAPP] joaosn - Caminho da sessão: instances\joaosn
[2025-09-14T21:19:35.938Z] [WHATSAPP] ****** STARTING SESSION joaosn ******
[2025-09-14T21:19:35.940Z] [WHATSAPP] joaosn - 🚀 Inicializando cliente...
[2025-09-14T21:19:36.239Z] [WHATSAPP] 🚀 Starting WhatsApp WebJS - Session: joaosn
[2025-09-14T21:19:36.263Z] [WHATSAPP] joaosn - useHere: false
[2025-09-14T21:19:36.263Z] [WHATSAPP] joaosn - Usando tokens da pasta instances/
[2025-09-14T21:19:36.263Z] [WHATSAPP] joaosn - Caminho da sessão: instances\joaosn
[2025-09-14T21:19:36.264Z] [WHATSAPP] ****** STARTING SESSION joaosn ******
[2025-09-14T21:19:36.265Z] [WHATSAPP] joaosn - 🚀 Inicializando cliente...
[2025-09-14T21:19:37.281Z] [WHATSAPP] 🚀 Starting WhatsApp WebJS - Session: joaosn
[2025-09-14T21:19:37.318Z] [WHATSAPP] joaosn - useHere: false
[2025-09-14T21:19:37.318Z] [WHATSAPP] joaosn - Usando tokens da pasta instances/
[2025-09-14T21:19:37.318Z] [WHATSAPP] joaosn - Caminho da sessão: instances\joaosn
[2025-09-14T21:19:37.319Z] [WHATSAPP] ****** STARTING SESSION joaosn ******
[2025-09-14T21:19:37.320Z] [WHATSAPP] joaosn - 🚀 Inicializando cliente...
[2025-09-14T21:19:38.058Z] [WHATSAPP] 🚀 Starting WhatsApp WebJS - Session: joaosn
[2025-09-14T21:19:38.095Z] [WHATSAPP] joaosn - useHere: false
[2025-09-14T21:19:38.096Z] [WHATSAPP] joaosn - Usando tokens da pasta instances/
[2025-09-14T21:19:38.096Z] [WHATSAPP] joaosn - Caminho da sessão: instances\joaosn
[2025-09-14T21:19:38.097Z] [WHATSAPP] ****** STARTING SESSION joaosn ******
[2025-09-14T21:19:38.103Z] [WHATSAPP] joaosn - 🚀 Inicializando cliente...
[2025-09-14T21:19:44.173Z] [WHATSAPP] 🚀 Starting WhatsApp WebJS - Session: joaosn
[2025-09-14T21:19:44.245Z] [WHATSAPP] 🚀 Starting WhatsApp WebJS - Session: joaosn
[2025-09-14T21:19:44.270Z] [WHATSAPP] joaosn - useHere: false
[2025-09-14T21:19:44.271Z] [WHATSAPP] joaosn - Usando tokens da pasta instances/
[2025-09-14T21:19:44.271Z] [WHATSAPP] joaosn - Caminho da sessão: instances\joaosn
[2025-09-14T21:19:44.271Z] [WHATSAPP] ****** STARTING SESSION joaosn ******
[2025-09-14T21:19:44.281Z] [WHATSAPP] joaosn - 🚀 Inicializando cliente...
[2025-09-14T21:19:44.326Z] [WHATSAPP] joaosn - useHere: false
[2025-09-14T21:19:44.326Z] [WHATSAPP] joaosn - Usando tokens da pasta instances/
[2025-09-14T21:19:44.326Z] [WHATSAPP] joaosn - Caminho da sessão: instances\joaosn
[2025-09-14T21:19:44.327Z] [WHATSAPP] ****** STARTING SESSION joaosn ******
[2025-09-14T21:19:44.346Z] [WHATSAPP] joaosn - 🚀 Inicializando cliente...
