[2025-09-19T00:26:34.299Z] [WHATSAPP] 🚀 Starting WhatsApp WebJS - Session: joaosn
[2025-09-19T00:26:34.314Z] [WHATSAPP] joaosn - useHere: false
[2025-09-19T00:26:34.314Z] [WHATSAPP] joaosn - Usando tokens da pasta instances/
[2025-09-19T00:26:34.315Z] [WHATSAPP] joaosn - Caminho da sessão: instances\joaosn
[2025-09-19T00:26:34.315Z] [WHATSAPP] ****** STARTING SESSION joaosn ******
[2025-09-19T00:26:34.317Z] [WHATSAPP] joaosn - 🚀 Inicializando cliente...
[2025-09-19T00:26:41.726Z] [WHATSAPP] joaosn - 📱 Novo QR Code gerado
[2025-09-19T00:45:06.149Z] [WHATSAPP] 🚀 Starting WhatsApp WebJS - Session: joaosn
[2025-09-19T00:45:06.163Z] [WHATSAPP] joaosn - useHere: false
[2025-09-19T00:45:06.164Z] [WHATSAPP] joaosn - Usando tokens da pasta instances/
[2025-09-19T00:45:06.164Z] [WHATSAPP] joaosn - Caminho da sessão: instances\joaosn
[2025-09-19T00:45:06.165Z] [WHATSAPP] ****** STARTING SESSION joaosn ******
[2025-09-19T00:45:06.166Z] [WHATSAPP] joaosn - 🚀 Inicializando cliente...
[2025-09-19T00:47:03.077Z] [WHATSAPP] 🚀 Starting WhatsApp WebJS - Session: joaosn
[2025-09-19T00:47:03.093Z] [WHATSAPP] joaosn - useHere: false
[2025-09-19T00:47:03.093Z] [WHATSAPP] joaosn - Usando tokens da pasta instances/
[2025-09-19T00:47:03.093Z] [WHATSAPP] joaosn - Caminho da sessão: instances\joaosn
[2025-09-19T00:47:03.094Z] [WHATSAPP] ****** STARTING SESSION joaosn ******
[2025-09-19T00:47:03.095Z] [WHATSAPP] joaosn - 🚀 Inicializando cliente...
[2025-09-19T00:47:35.486Z] [WHATSAPP] 🚀 Starting WhatsApp WebJS - Session: joaosn
[2025-09-19T00:47:35.502Z] [WHATSAPP] joaosn - useHere: false
[2025-09-19T00:47:35.502Z] [WHATSAPP] joaosn - Usando tokens da pasta instances/
[2025-09-19T00:47:35.503Z] [WHATSAPP] joaosn - Caminho da sessão: instances\joaosn
[2025-09-19T00:47:35.503Z] [WHATSAPP] ****** STARTING SESSION joaosn ******
[2025-09-19T00:47:35.505Z] [WHATSAPP] joaosn - 🚀 Inicializando cliente...
[2025-09-19T00:47:57.479Z] [WHATSAPP] 🚀 Starting WhatsApp WebJS - Session: joaosn
[2025-09-19T00:47:57.494Z] [WHATSAPP] joaosn - useHere: false
[2025-09-19T00:47:57.495Z] [WHATSAPP] joaosn - Usando tokens da pasta instances/
[2025-09-19T00:47:57.495Z] [WHATSAPP] joaosn - Caminho da sessão: instances\joaosn
[2025-09-19T00:47:57.496Z] [WHATSAPP] ****** STARTING SESSION joaosn ******
[2025-09-19T00:47:57.498Z] [WHATSAPP] joaosn - 🚀 Inicializando cliente...
[2025-09-19T00:48:56.391Z] [WHATSAPP] 🚀 Starting WhatsApp WebJS - Session: joaosn
[2025-09-19T00:48:56.406Z] [WHATSAPP] joaosn - useHere: false
[2025-09-19T00:48:56.407Z] [WHATSAPP] joaosn - Usando tokens da pasta instances/
[2025-09-19T00:48:56.407Z] [WHATSAPP] joaosn - Caminho da sessão: instances\joaosn
[2025-09-19T00:48:56.408Z] [WHATSAPP] ****** STARTING SESSION joaosn ******
[2025-09-19T00:48:56.410Z] [WHATSAPP] joaosn - 🚀 Inicializando cliente...
[2025-09-19T00:49:00.617Z] [WHATSAPP] 🚀 Starting WhatsApp WebJS - Session: joaosn
[2025-09-19T00:49:00.632Z] [WHATSAPP] joaosn - useHere: false
[2025-09-19T00:49:00.632Z] [WHATSAPP] joaosn - Usando tokens da pasta instances/
[2025-09-19T00:49:00.633Z] [WHATSAPP] joaosn - Caminho da sessão: instances\joaosn
[2025-09-19T00:49:00.633Z] [WHATSAPP] ****** STARTING SESSION joaosn ******
[2025-09-19T00:49:00.635Z] [WHATSAPP] joaosn - 🚀 Inicializando cliente...
[2025-09-19T00:49:04.116Z] [WHATSAPP] 🚀 Starting WhatsApp WebJS - Session: joaosn
[2025-09-19T00:49:04.128Z] [WHATSAPP] joaosn - useHere: false
[2025-09-19T00:49:04.129Z] [WHATSAPP] joaosn - Usando tokens da pasta instances/
[2025-09-19T00:49:04.129Z] [WHATSAPP] joaosn - Caminho da sessão: instances\joaosn
[2025-09-19T00:49:04.130Z] [WHATSAPP] ****** STARTING SESSION joaosn ******
[2025-09-19T00:49:04.132Z] [WHATSAPP] joaosn - 🚀 Inicializando cliente...
[2025-09-19T00:49:18.560Z] [WHATSAPP] 🚀 Starting WhatsApp WebJS - Session: joaosn
[2025-09-19T00:49:18.574Z] [WHATSAPP] joaosn - useHere: false
[2025-09-19T00:49:18.574Z] [WHATSAPP] joaosn - Usando tokens da pasta instances/
[2025-09-19T00:49:18.575Z] [WHATSAPP] joaosn - Caminho da sessão: instances\joaosn
[2025-09-19T00:49:18.575Z] [WHATSAPP] ****** STARTING SESSION joaosn ******
[2025-09-19T00:49:18.577Z] [WHATSAPP] joaosn - 🚀 Inicializando cliente...
[2025-09-19T00:49:28.566Z] [WHATSAPP] 🚀 Starting WhatsApp WebJS - Session: joaosn
[2025-09-19T00:49:28.580Z] [WHATSAPP] joaosn - useHere: false
[2025-09-19T00:49:28.581Z] [WHATSAPP] joaosn - Usando tokens da pasta instances/
[2025-09-19T00:49:28.581Z] [WHATSAPP] joaosn - Caminho da sessão: instances\joaosn
[2025-09-19T00:49:28.582Z] [WHATSAPP] ****** STARTING SESSION joaosn ******
[2025-09-19T00:49:28.584Z] [WHATSAPP] joaosn - 🚀 Inicializando cliente...
[2025-09-19T00:49:51.142Z] [WHATSAPP] 🚀 Starting WhatsApp WebJS - Session: joaosn
[2025-09-19T00:49:51.156Z] [WHATSAPP] joaosn - useHere: false
[2025-09-19T00:49:51.156Z] [WHATSAPP] joaosn - Usando tokens da pasta instances/
[2025-09-19T00:49:51.157Z] [WHATSAPP] joaosn - Caminho da sessão: instances\joaosn
[2025-09-19T00:49:51.157Z] [WHATSAPP] ****** STARTING SESSION joaosn ******
[2025-09-19T00:49:51.159Z] [WHATSAPP] joaosn - 🚀 Inicializando cliente...
[2025-09-19T00:50:15.112Z] [WHATSAPP] 🚀 Starting WhatsApp WebJS - Session: joaosn
[2025-09-19T00:50:15.126Z] [WHATSAPP] joaosn - useHere: false
[2025-09-19T00:50:15.126Z] [WHATSAPP] joaosn - Usando tokens da pasta instances/
[2025-09-19T00:50:15.127Z] [WHATSAPP] joaosn - Caminho da sessão: instances\joaosn
[2025-09-19T00:50:15.127Z] [WHATSAPP] ****** STARTING SESSION joaosn ******
[2025-09-19T00:50:15.129Z] [WHATSAPP] joaosn - 🚀 Inicializando cliente...
[2025-09-19T00:50:32.791Z] [WHATSAPP] 🚀 Starting WhatsApp WebJS - Session: joaosn
[2025-09-19T00:50:32.805Z] [WHATSAPP] joaosn - useHere: false
[2025-09-19T00:50:32.806Z] [WHATSAPP] joaosn - Usando tokens da pasta instances/
[2025-09-19T00:50:32.806Z] [WHATSAPP] joaosn - Caminho da sessão: instances\joaosn
[2025-09-19T00:50:32.807Z] [WHATSAPP] ****** STARTING SESSION joaosn ******
[2025-09-19T00:50:32.808Z] [WHATSAPP] joaosn - 🚀 Inicializando cliente...
[2025-09-19T00:50:57.654Z] [WHATSAPP] 🚀 Starting WhatsApp WebJS - Session: joaosn
[2025-09-19T00:50:57.668Z] [WHATSAPP] joaosn - useHere: false
[2025-09-19T00:50:57.668Z] [WHATSAPP] joaosn - Usando tokens da pasta instances/
[2025-09-19T00:50:57.669Z] [WHATSAPP] joaosn - Caminho da sessão: instances\joaosn
[2025-09-19T00:50:57.669Z] [WHATSAPP] ****** STARTING SESSION joaosn ******
[2025-09-19T00:50:57.671Z] [WHATSAPP] joaosn - 🚀 Inicializando cliente...
[2025-09-19T00:51:12.927Z] [WHATSAPP] 🚀 Starting WhatsApp WebJS - Session: joaosn
[2025-09-19T00:51:12.940Z] [WHATSAPP] joaosn - useHere: false
[2025-09-19T00:51:12.940Z] [WHATSAPP] joaosn - Usando tokens da pasta instances/
[2025-09-19T00:51:12.941Z] [WHATSAPP] joaosn - Caminho da sessão: instances\joaosn
[2025-09-19T00:51:12.941Z] [WHATSAPP] ****** STARTING SESSION joaosn ******
[2025-09-19T00:51:12.943Z] [WHATSAPP] joaosn - 🚀 Inicializando cliente...
[2025-09-19T00:51:23.202Z] [WHATSAPP] 🚀 Starting WhatsApp WebJS - Session: joaosn
[2025-09-19T00:51:23.219Z] [WHATSAPP] joaosn - useHere: false
[2025-09-19T00:51:23.219Z] [WHATSAPP] joaosn - Usando tokens da pasta instances/
[2025-09-19T00:51:23.220Z] [WHATSAPP] joaosn - Caminho da sessão: instances\joaosn
[2025-09-19T00:51:23.220Z] [WHATSAPP] ****** STARTING SESSION joaosn ******
[2025-09-19T00:51:23.222Z] [WHATSAPP] joaosn - 🚀 Inicializando cliente...
[2025-09-19T00:52:29.765Z] [WHATSAPP] 🚀 Starting WhatsApp WebJS - Session: joaosn
[2025-09-19T00:52:29.791Z] [WHATSAPP] joaosn - useHere: false
[2025-09-19T00:52:29.792Z] [WHATSAPP] joaosn - Usando tokens da pasta instances/
[2025-09-19T00:52:29.792Z] [WHATSAPP] joaosn - Caminho da sessão: instances\joaosn
[2025-09-19T00:52:29.793Z] [WHATSAPP] ****** STARTING SESSION joaosn ******
[2025-09-19T00:52:29.796Z] [WHATSAPP] joaosn - 🚀 Inicializando cliente...
[2025-09-19T01:17:13.462Z] [WHATSAPP] 🚀 Starting WhatsApp WebJS - Session: joaosn
[2025-09-19T01:17:13.477Z] [WHATSAPP] joaosn - useHere: false
[2025-09-19T01:17:13.477Z] [WHATSAPP] joaosn - Usando tokens da pasta instances/
[2025-09-19T01:17:13.477Z] [WHATSAPP] joaosn - Caminho da sessão: instances\joaosn
[2025-09-19T01:17:13.478Z] [WHATSAPP] ****** STARTING SESSION joaosn ******
[2025-09-19T01:17:13.480Z] [WHATSAPP] joaosn - 🚀 Inicializando cliente...
[2025-09-19T01:18:07.575Z] [WHATSAPP] 🚀 Starting WhatsApp WebJS - Session: joaosn
[2025-09-19T01:18:07.593Z] [WHATSAPP] joaosn - useHere: false
[2025-09-19T01:18:07.594Z] [WHATSAPP] joaosn - Usando tokens da pasta instances/
[2025-09-19T01:18:07.594Z] [WHATSAPP] joaosn - Caminho da sessão: instances\joaosn
[2025-09-19T01:18:07.595Z] [WHATSAPP] ****** STARTING SESSION joaosn ******
[2025-09-19T01:18:07.597Z] [WHATSAPP] joaosn - 🚀 Inicializando cliente...
[2025-09-19T01:18:13.421Z] [WHATSAPP] 🚀 Starting WhatsApp WebJS - Session: joaosn
[2025-09-19T01:18:13.434Z] [WHATSAPP] joaosn - useHere: false
[2025-09-19T01:18:13.435Z] [WHATSAPP] joaosn - Usando tokens da pasta instances/
[2025-09-19T01:18:13.435Z] [WHATSAPP] joaosn - Caminho da sessão: instances\joaosn
[2025-09-19T01:18:13.436Z] [WHATSAPP] ****** STARTING SESSION joaosn ******
[2025-09-19T01:18:13.437Z] [WHATSAPP] joaosn - 🚀 Inicializando cliente...
[2025-09-19T01:18:32.239Z] [WHATSAPP] 🚀 Starting WhatsApp WebJS - Session: joaosn
[2025-09-19T01:18:32.253Z] [WHATSAPP] joaosn - useHere: false
[2025-09-19T01:18:32.253Z] [WHATSAPP] joaosn - Usando tokens da pasta instances/
[2025-09-19T01:18:32.254Z] [WHATSAPP] joaosn - Caminho da sessão: instances\joaosn
[2025-09-19T01:18:32.254Z] [WHATSAPP] ****** STARTING SESSION joaosn ******
[2025-09-19T01:18:32.256Z] [WHATSAPP] joaosn - 🚀 Inicializando cliente...
[2025-09-19T01:19:44.467Z] [WHATSAPP] 🚀 Starting WhatsApp WebJS - Session: joaosn
[2025-09-19T01:19:44.484Z] [WHATSAPP] joaosn - useHere: false
[2025-09-19T01:19:44.484Z] [WHATSAPP] joaosn - Usando tokens da pasta instances/
[2025-09-19T01:19:44.485Z] [WHATSAPP] joaosn - Caminho da sessão: instances\joaosn
[2025-09-19T01:19:44.485Z] [WHATSAPP] ****** STARTING SESSION joaosn ******
[2025-09-19T01:19:44.488Z] [WHATSAPP] joaosn - 🚀 Inicializando cliente...
[2025-09-19T01:20:16.449Z] [WHATSAPP] 🚀 Starting WhatsApp WebJS - Session: joaosn
[2025-09-19T01:20:16.465Z] [WHATSAPP] joaosn - useHere: false
[2025-09-19T01:20:16.465Z] [WHATSAPP] joaosn - Usando tokens da pasta instances/
[2025-09-19T01:20:16.465Z] [WHATSAPP] joaosn - Caminho da sessão: instances\joaosn
[2025-09-19T01:20:16.466Z] [WHATSAPP] ****** STARTING SESSION joaosn ******
[2025-09-19T01:20:16.467Z] [WHATSAPP] joaosn - 🚀 Inicializando cliente...
[2025-09-19T01:21:13.265Z] [WHATSAPP] 🚀 Starting WhatsApp WebJS - Session: joaosn
[2025-09-19T01:21:13.287Z] [WHATSAPP] joaosn - useHere: false
[2025-09-19T01:21:13.288Z] [WHATSAPP] joaosn - Usando tokens da pasta instances/
[2025-09-19T01:21:13.288Z] [WHATSAPP] joaosn - Caminho da sessão: instances\joaosn
[2025-09-19T01:21:13.289Z] [WHATSAPP] ****** STARTING SESSION joaosn ******
[2025-09-19T01:21:13.292Z] [WHATSAPP] joaosn - 🚀 Inicializando cliente...
[2025-09-19T01:21:30.622Z] [WHATSAPP] 🚀 Starting WhatsApp WebJS - Session: joaosn
[2025-09-19T01:21:30.640Z] [WHATSAPP] joaosn - useHere: false
[2025-09-19T01:21:30.640Z] [WHATSAPP] joaosn - Usando tokens da pasta instances/
[2025-09-19T01:21:30.641Z] [WHATSAPP] joaosn - Caminho da sessão: instances\joaosn
[2025-09-19T01:21:30.641Z] [WHATSAPP] ****** STARTING SESSION joaosn ******
[2025-09-19T01:21:30.643Z] [WHATSAPP] joaosn - 🚀 Inicializando cliente...
[2025-09-19T01:21:51.506Z] [WHATSAPP] 🚀 Starting WhatsApp WebJS - Session: joaosn
[2025-09-19T01:21:51.520Z] [WHATSAPP] joaosn - useHere: false
[2025-09-19T01:21:51.521Z] [WHATSAPP] joaosn - Usando tokens da pasta instances/
[2025-09-19T01:21:51.522Z] [WHATSAPP] joaosn - Caminho da sessão: instances\joaosn
[2025-09-19T01:21:51.523Z] [WHATSAPP] ****** STARTING SESSION joaosn ******
[2025-09-19T01:21:51.525Z] [WHATSAPP] joaosn - 🚀 Inicializando cliente...
[2025-09-19T01:22:28.524Z] [WHATSAPP] 🚀 Starting WhatsApp WebJS - Session: joaosn
[2025-09-19T01:22:28.544Z] [WHATSAPP] joaosn - useHere: false
[2025-09-19T01:22:28.545Z] [WHATSAPP] joaosn - Usando tokens da pasta instances/
[2025-09-19T01:22:28.545Z] [WHATSAPP] joaosn - Caminho da sessão: instances\joaosn
[2025-09-19T01:22:28.546Z] [WHATSAPP] ****** STARTING SESSION joaosn ******
[2025-09-19T01:22:28.548Z] [WHATSAPP] joaosn - 🚀 Inicializando cliente...
[2025-09-19T01:23:04.122Z] [WHATSAPP] 🚀 Starting WhatsApp WebJS - Session: joaosn
[2025-09-19T01:23:04.140Z] [WHATSAPP] joaosn - useHere: false
[2025-09-19T01:23:04.141Z] [WHATSAPP] joaosn - Usando tokens da pasta instances/
[2025-09-19T01:23:04.141Z] [WHATSAPP] joaosn - Caminho da sessão: instances\joaosn
[2025-09-19T01:23:04.142Z] [WHATSAPP] ****** STARTING SESSION joaosn ******
[2025-09-19T01:23:04.144Z] [WHATSAPP] joaosn - 🚀 Inicializando cliente...
[2025-09-19T01:31:07.619Z] [WHATSAPP] 🚀 Starting WhatsApp WebJS - Session: joaosn
[2025-09-19T01:31:07.640Z] [WHATSAPP] joaosn - useHere: false
[2025-09-19T01:31:07.640Z] [WHATSAPP] joaosn - Usando tokens da pasta instances/
[2025-09-19T01:31:07.641Z] [WHATSAPP] joaosn - Caminho da sessão: instances\joaosn
[2025-09-19T01:31:07.642Z] [WHATSAPP] ****** STARTING SESSION joaosn ******
[2025-09-19T01:31:07.644Z] [WHATSAPP] joaosn - 🚀 Inicializando cliente...
[2025-09-19T01:32:58.509Z] [WHATSAPP] 🚀 Starting WhatsApp WebJS - Session: joaosn
[2025-09-19T01:32:58.536Z] [WHATSAPP] joaosn - useHere: false
[2025-09-19T01:32:58.536Z] [WHATSAPP] joaosn - Usando tokens da pasta instances/
[2025-09-19T01:32:58.536Z] [WHATSAPP] joaosn - Caminho da sessão: instances\joaosn
[2025-09-19T01:32:58.537Z] [WHATSAPP] ****** STARTING SESSION joaosn ******
[2025-09-19T01:32:58.539Z] [WHATSAPP] joaosn - 🚀 Inicializando cliente...
[2025-09-19T01:34:07.889Z] [WHATSAPP] 🚀 Starting WhatsApp WebJS - Session: joaosn
[2025-09-19T01:34:07.902Z] [WHATSAPP] joaosn - useHere: false
[2025-09-19T01:34:07.903Z] [WHATSAPP] joaosn - Usando tokens da pasta instances/
[2025-09-19T01:34:07.903Z] [WHATSAPP] joaosn - Caminho da sessão: instances\joaosn
[2025-09-19T01:34:07.904Z] [WHATSAPP] ****** STARTING SESSION joaosn ******
[2025-09-19T01:34:07.908Z] [WHATSAPP] joaosn - 🚀 Inicializando cliente...
[2025-09-19T02:15:08.308Z] [WHATSAPP] 🚀 Starting WhatsApp WebJS - Session: joaosn
[2025-09-19T02:15:08.322Z] [WHATSAPP] joaosn - useHere: false
[2025-09-19T02:15:08.322Z] [WHATSAPP] joaosn - Usando tokens da pasta instances/
[2025-09-19T02:15:08.323Z] [WHATSAPP] joaosn - Caminho da sessão: instances\joaosn
[2025-09-19T02:15:08.323Z] [WHATSAPP] ****** STARTING SESSION joaosn ******
[2025-09-19T02:15:08.325Z] [WHATSAPP] joaosn - 🚀 Inicializando cliente...
[2025-09-19T02:33:26.584Z] [WHATSAPP] 🚀 Starting WhatsApp WebJS - Session: joaosn
[2025-09-19T02:33:26.602Z] [WHATSAPP] joaosn - useHere: false
[2025-09-19T02:33:26.602Z] [WHATSAPP] joaosn - Usando tokens da pasta instances/
[2025-09-19T02:33:26.603Z] [WHATSAPP] joaosn - Caminho da sessão: instances\joaosn
[2025-09-19T02:33:26.603Z] [WHATSAPP] ****** STARTING SESSION joaosn ******
[2025-09-19T02:33:26.605Z] [WHATSAPP] joaosn - 🚀 Inicializando cliente...
[2025-09-19T02:47:28.811Z] [WHATSAPP] 🚀 Starting WhatsApp WebJS - Session: joaosn
[2025-09-19T02:47:28.829Z] [WHATSAPP] joaosn - useHere: false
[2025-09-19T02:47:28.829Z] [WHATSAPP] joaosn - Usando tokens da pasta instances/
[2025-09-19T02:47:28.830Z] [WHATSAPP] joaosn - Caminho da sessão: instances\joaosn
[2025-09-19T02:47:28.831Z] [WHATSAPP] ****** STARTING SESSION joaosn ******
[2025-09-19T02:47:28.833Z] [WHATSAPP] joaosn - 🚀 Inicializando cliente...
[2025-09-19T02:50:28.391Z] [WHATSAPP] 🚀 Starting WhatsApp WebJS - Session: joaosn
[2025-09-19T02:50:28.409Z] [WHATSAPP] joaosn - useHere: false
[2025-09-19T02:50:28.410Z] [WHATSAPP] joaosn - Usando tokens da pasta instances/
[2025-09-19T02:50:28.410Z] [WHATSAPP] joaosn - Caminho da sessão: instances\joaosn
[2025-09-19T02:50:28.411Z] [WHATSAPP] ****** STARTING SESSION joaosn ******
[2025-09-19T02:50:28.413Z] [WHATSAPP] joaosn - 🚀 Inicializando cliente...
