[2025-09-16T03:46:28.335Z] [ERROR] Teste de log ERROR
[2025-09-16T04:10:58.771Z] [ERROR] Erro ao criar sessão no browser | Data: {}
[2025-09-16T04:10:58.789Z] [ERROR] Erro fatal, sessão não criada | Data: {}
[2025-09-16T04:24:35.589Z] [ERROR] Erro ao criar sessão no browser | Data: {}
[2025-09-16T04:24:35.602Z] [ERROR] Erro ao remover diretório da sessão: | Data: {"errno":-4082,"code":"EBUSY","syscall":"unlink","path":"C:\\laragon\\www\\myzap\\instances\\joaosn\\Default\\Account Web Data"}
[2025-09-16T04:42:18.771Z] [ERROR] Erro ao criar sessão no browser | Data: {}
[2025-09-16T04:42:20.799Z] [ERROR] Erro no cleanup da sessão: | Data: {}
[2025-09-16T04:42:27.892Z] [ERROR] 🚨 Unhandled rejection: customLogger is not defined
[2025-09-16T04:47:29.203Z] [ERROR] Erro ao criar sessão no browser | Data: {}
[2025-09-16T04:47:49.478Z] [ERROR] Erro ao criar sessão no browser | Data: {}
[2025-09-16T04:48:28.470Z] [ERROR] [CHECKNUMBER] ReferenceError: customLogger is not defined
    at Cache.get (C:\laragon\www\myzap\util\cache.js:13:5)
    at async checkNumber (C:\laragon\www\myzap\middlewares\checkNumber.js:32:25)
[2025-09-16T04:48:30.599Z] [ERROR] [CHECKNUMBER] ReferenceError: customLogger is not defined
    at Cache.get (C:\laragon\www\myzap\util\cache.js:13:5)
    at async checkNumber (C:\laragon\www\myzap\middlewares\checkNumber.js:32:25)
[2025-09-16T04:48:30.893Z] [ERROR] [CHECKNUMBER] ReferenceError: customLogger is not defined
    at Cache.get (C:\laragon\www\myzap\util\cache.js:13:5)
    at async checkNumber (C:\laragon\www\myzap\middlewares\checkNumber.js:32:25)
[2025-09-16T04:51:28.555Z] [ERROR] 💥 Uncaught Exception: listen EADDRINUSE: address already in use :::3333
[2025-09-16T04:52:18.668Z] [ERROR] Erro ao criar sessão no browser | Data: {}
[2025-09-16T04:52:29.961Z] [ERROR] Erro ao criar sessão no browser | Data: {}
[2025-09-16T04:53:15.582Z] [ERROR] Erro ao criar sessão no browser | Data: {}
[2025-09-16T04:53:22.317Z] [ERROR] [CHECKNUMBER] ReferenceError: customLogger is not defined
    at Cache.get (C:\laragon\www\myzap\util\cache.js:13:5)
    at async checkNumber (C:\laragon\www\myzap\middlewares\checkNumber.js:32:25)
[2025-09-16T04:53:26.487Z] [ERROR] [CHECKNUMBER] ReferenceError: customLogger is not defined
    at Cache.get (C:\laragon\www\myzap\util\cache.js:13:5)
    at async checkNumber (C:\laragon\www\myzap\middlewares\checkNumber.js:32:25)
[2025-09-16T04:55:39.373Z] [ERROR] [CHECKNUMBER] Dispositivo não conectado - Sessão: joaosn
[2025-09-16T04:55:41.268Z] [ERROR] [CHECKNUMBER] Dispositivo não conectado - Sessão: joaosn
[2025-09-16T04:55:53.522Z] [ERROR] [CHECKNUMBER] Dispositivo não conectado - Sessão: joaosn
[2025-09-16T04:55:54.319Z] [ERROR] [CHECKNUMBER] Dispositivo não conectado - Sessão: joaosn
[2025-09-16T04:55:55.645Z] [ERROR] [CHECKNUMBER] Dispositivo não conectado - Sessão: joaosn
[2025-09-16T04:55:57.758Z] [ERROR] [CHECKNUMBER] Dispositivo não conectado - Sessão: joaosn
[2025-09-16T05:05:22.876Z] [ERROR] [CHECKNUMBER] Dispositivo não conectado - Sessão: joaosn
[2025-09-16T05:06:34.077Z] [ERROR] [CHECKNUMBER] Dispositivo não conectado - Sessão: joaosn
[2025-09-16T05:06:34.724Z] [ERROR] [CHECKNUMBER] Dispositivo não conectado - Sessão: joaosn
[2025-09-16T05:06:50.616Z] [ERROR] [CHECKNUMBER] Dispositivo não conectado - Sessão: joaosn
[2025-09-16T05:06:51.487Z] [ERROR] [CHECKNUMBER] Dispositivo não conectado - Sessão: joaosn
[2025-09-16T05:06:51.818Z] [ERROR] [CHECKNUMBER] Dispositivo não conectado - Sessão: joaosn
[2025-09-16T05:06:52.228Z] [ERROR] [CHECKNUMBER] Dispositivo não conectado - Sessão: joaosn
[2025-09-16T05:06:52.246Z] [ERROR] [CHECKNUMBER] Dispositivo não conectado - Sessão: joaosn
[2025-09-16T05:09:39.852Z] [ERROR] [CHECKNUMBER] Dispositivo não conectado - Sessão: joaosn
[2025-09-16T05:09:40.600Z] [ERROR] [CHECKNUMBER] Dispositivo não conectado - Sessão: joaosn
[2025-09-16T05:09:40.611Z] [ERROR] [CHECKNUMBER] Dispositivo não conectado - Sessão: joaosn
[2025-09-16T05:10:57.254Z] [ERROR] 💥 Uncaught Exception: listen EADDRINUSE: address already in use :::3333
[2025-09-16T05:11:46.908Z] [ERROR] [CHECKNUMBER] Dispositivo não conectado - Sessão: joaosn
[2025-09-16T05:11:47.892Z] [ERROR] [CHECKNUMBER] Dispositivo não conectado - Sessão: joaosn
[2025-09-16T05:11:48.532Z] [ERROR] [CHECKNUMBER] Dispositivo não conectado - Sessão: joaosn
[2025-09-16T05:11:48.787Z] [ERROR] [CHECKNUMBER] Dispositivo não conectado - Sessão: joaosn
[2025-09-16T05:11:48.994Z] [ERROR] [CHECKNUMBER] Dispositivo não conectado - Sessão: joaosn
[2025-09-16T05:11:49.203Z] [ERROR] [CHECKNUMBER] Dispositivo não conectado - Sessão: joaosn
[2025-09-16T05:11:49.406Z] [ERROR] [CHECKNUMBER] Dispositivo não conectado - Sessão: joaosn
[2025-09-16T05:12:41.072Z] [ERROR] [RESTORE] ❌ Erro ao restaurar sessão joaosn: | Data: {}
[2025-09-16T05:12:41.264Z] [ERROR] Erro ao criar sessão no browser | Data: {}
[2025-09-16T05:12:51.580Z] [ERROR] [RESTORE] ❌ Erro ao restaurar sessão joaosn: | Data: {}
[2025-09-16T05:12:51.721Z] [ERROR] Erro ao criar sessão no browser | Data: {}
[2025-09-16T05:13:05.847Z] [ERROR] [RESTORE] ❌ Erro ao restaurar sessão joaosn: | Data: {}
[2025-09-16T05:13:05.973Z] [ERROR] Erro ao criar sessão no browser | Data: {}
[2025-09-16T05:13:06.873Z] [ERROR] [RESTORE] ❌ Erro ao restaurar sessão joaosn: | Data: {}
[2025-09-16T05:13:06.985Z] [ERROR] Erro ao criar sessão no browser | Data: {}
[2025-09-16T05:13:26.987Z] [ERROR] 🚨 Unhandled rejection: Protocol error (Runtime.callFunctionOn): Target closed
[2025-09-16T05:13:34.426Z] [ERROR] [RESTORE] ❌ Erro ao restaurar sessão joaosn: | Data: {}
[2025-09-16T05:13:34.466Z] [ERROR] [RESTORE] ❌ Erro ao restaurar sessão joaosn: | Data: {}
[2025-09-16T05:13:34.586Z] [ERROR] Erro ao criar sessão no browser | Data: {}
[2025-09-16T05:13:34.609Z] [ERROR] Erro ao criar sessão no browser | Data: {}
[2025-09-16T05:17:38.147Z] [ERROR] [CHECKNUMBER] Dispositivo não conectado - Sessão: joaosn
[2025-09-16T05:17:40.305Z] [ERROR] [CHECKNUMBER] Dispositivo não conectado - Sessão: joaosn
[2025-09-16T05:17:40.796Z] [ERROR] [CHECKNUMBER] Dispositivo não conectado - Sessão: joaosn
[2025-09-16T05:21:31.977Z] [ERROR] [CHECKNUMBER] Dispositivo não conectado - Sessão: joaosn
[2025-09-16T05:21:31.999Z] [ERROR] 🚨 Unhandled rejection: Cannot read properties of undefined (reading 'status')
[2025-09-16T05:21:32.878Z] [ERROR] [CHECKNUMBER] Dispositivo não conectado - Sessão: joaosn
[2025-09-16T05:21:32.907Z] [ERROR] 🚨 Unhandled rejection: Cannot read properties of undefined (reading 'status')
[2025-09-16T05:21:34.904Z] [ERROR] [CHECKNUMBER] Dispositivo não conectado - Sessão: joaosn
[2025-09-16T05:21:34.910Z] [ERROR] 🚨 Unhandled rejection: Cannot read properties of undefined (reading 'status')
[2025-09-16T05:21:37.124Z] [ERROR] [CHECKNUMBER] Dispositivo não conectado - Sessão: joaosn
[2025-09-16T05:21:37.142Z] [ERROR] 🚨 Unhandled rejection: Cannot read properties of undefined (reading 'status')
[2025-09-16T05:21:51.031Z] [ERROR] [CHECKNUMBER] Dispositivo não conectado - Sessão: joaosn
[2025-09-16T05:21:51.909Z] [ERROR] Erro ao criar sessão no browser | Data: {"cause":{}}
[2025-09-16T05:21:58.915Z] [ERROR] [CHECKNUMBER] Dispositivo não conectado - Sessão: joaosn
[2025-09-16T05:21:59.889Z] [ERROR] 🚨 Unhandled rejection: Cannot read properties of undefined (reading 'status')
[2025-09-16T05:22:02.396Z] [ERROR] [RECONNECT ERROR] joaosn - Cliente não encontrado
[2025-09-16T05:22:02.396Z] [ERROR] [RECONNECT FAILED] joaosn - Cliente não encontrado
[2025-09-16T05:22:03.132Z] [ERROR] [RECONNECT ERROR] joaosn - Cliente não encontrado
[2025-09-16T05:22:03.132Z] [ERROR] [RECONNECT FAILED] joaosn - Cliente não encontrado
[2025-09-16T05:22:04.273Z] [ERROR] [RECONNECT ERROR] joaosn - Cliente não encontrado
[2025-09-16T05:22:04.273Z] [ERROR] [RECONNECT FAILED] joaosn - Cliente não encontrado
[2025-09-16T05:22:12.175Z] [ERROR] Erro ao criar sessão no browser | Data: {"cause":{}}
[2025-09-16T05:28:03.620Z] [ERROR] 🚨 Unhandled rejection: Cannot read properties of undefined (reading 'status')
[2025-09-16T05:28:28.157Z] [ERROR] Erro ao criar sessão no browser | Data: {"cause":{}}
[2025-09-16T05:28:28.219Z] [ERROR] 🚨 Unhandled rejection: Cannot read properties of undefined (reading 'status')
[2025-09-16T05:28:50.174Z] [ERROR] 🚨 Unhandled rejection: Cannot read properties of undefined (reading 'status')
[2025-09-16T05:28:50.368Z] [ERROR] Erro ao criar sessão no browser | Data: {"name":"TargetCloseError"}
[2025-09-16T05:29:17.103Z] [ERROR] Erro ao criar sessão no browser | Data: {"cause":{}}
[2025-09-16T05:29:17.436Z] [ERROR] [RECONNECT ERROR] joaosn - Cliente não encontrado
[2025-09-16T05:29:17.436Z] [ERROR] [RECONNECT FAILED] joaosn - Cliente não encontrado
[2025-09-16T05:29:19.768Z] [ERROR] [RECONNECT ERROR] joaosn - Cliente não encontrado
[2025-09-16T05:29:19.771Z] [ERROR] [RECONNECT FAILED] joaosn - Cliente não encontrado
[2025-09-16T05:29:19.787Z] [ERROR] [RECONNECT ERROR] joaosn - Cliente não encontrado
[2025-09-16T05:29:19.787Z] [ERROR] [RECONNECT FAILED] joaosn - Cliente não encontrado
[2025-09-16T05:29:19.790Z] [ERROR] [RECONNECT ERROR] joaosn - Cliente não encontrado
[2025-09-16T05:29:19.791Z] [ERROR] [RECONNECT FAILED] joaosn - Cliente não encontrado
[2025-09-16T05:29:23.749Z] [ERROR] [RECONNECT ERROR] joaosn - Cliente não encontrado
[2025-09-16T05:29:23.750Z] [ERROR] [RECONNECT FAILED] joaosn - Cliente não encontrado
[2025-09-16T05:29:24.341Z] [ERROR] [RECONNECT ERROR] joaosn - Cliente não encontrado
[2025-09-16T05:29:24.342Z] [ERROR] [RECONNECT FAILED] joaosn - Cliente não encontrado
[2025-09-16T11:41:01.475Z] [ERROR] 🚨 Unhandled rejection: Cannot read properties of undefined (reading 'status')
[2025-09-16T11:44:40.009Z] [ERROR] [RECONNECT ERROR] joaosn - Cliente não encontrado
[2025-09-16T11:44:40.010Z] [ERROR] [RECONNECT FAILED] joaosn - Cliente não encontrado
[2025-09-16T11:44:41.144Z] [ERROR] [RECONNECT ERROR] joaosn - Cliente não encontrado
[2025-09-16T11:44:41.145Z] [ERROR] [RECONNECT FAILED] joaosn - Cliente não encontrado
[2025-09-16T11:44:43.563Z] [ERROR] [RECONNECT ERROR] joaosn - Cliente não encontrado
[2025-09-16T11:44:43.564Z] [ERROR] [RECONNECT FAILED] joaosn - Cliente não encontrado
[2025-09-16T11:44:44.866Z] [ERROR] [RECONNECT ERROR] joaosn - Cliente não encontrado
[2025-09-16T11:44:44.866Z] [ERROR] [RECONNECT FAILED] joaosn - Cliente não encontrado
[2025-09-16T11:44:54.291Z] [ERROR] Erro ao criar sessão no browser | Data: {"cause":{}}
[2025-09-16T11:47:09.470Z] [ERROR] Erro ao criar sessão no browser | Data: {"cause":{}}
[2025-09-16T11:58:42.138Z] [ERROR] 🚨 Unhandled rejection: Cannot read properties of undefined (reading 'events')
