[2025-09-16T03:46:28.365Z] [WHATSAPP] Mensagem do WhatsApp processada
[2025-09-16T04:10:56.788Z] [WHATSAPP] 🚀 Starting WppConnect - Session: joaosn
[2025-09-16T04:10:58.043Z] [WHATSAPP] 🚀 Starting WppConnect - Session: joaosn
[2025-09-16T04:24:31.567Z] [WHATSAPP] 🚀 Starting WppConnect - Session: joaosn
[2025-09-16T04:24:35.405Z] [WHATSAPP] 🚀 Starting WppConnect - Session: joaosn
[2025-09-16T04:42:15.470Z] [WHATSAPP] 🚀 Starting WppConnect - Session: joaosn
[2025-09-16T04:42:18.576Z] [WHATSAPP] 🚀 Starting WppConnect - Session: joaosn
[2025-09-16T04:47:24.078Z] [WHATSAPP] 🚀 Starting WppConnect - Session: joaosn
[2025-09-16T04:47:29.074Z] [WHATSAPP] 🚀 Starting WppConnect - Session: joaosn
[2025-09-16T04:47:32.330Z] [WHATSAPP] ⚠️ notLogged detectado para sessão joaosn - limpando tokens e forçando novo QR
[2025-09-16T04:52:08.462Z] [WHATSAPP] 🚀 Starting WppConnect - Session: joaosn
[2025-09-16T04:52:18.523Z] [WHATSAPP] 🚀 Starting WppConnect - Session: joaosn
[2025-09-16T04:52:29.815Z] [WHATSAPP] 🚀 Starting WppConnect - Session: joaosn
[2025-09-16T04:52:38.783Z] [WHATSAPP] ⚠️ notLogged detectado para sessão joaosn - limpando tokens e forçando novo QR
[2025-09-16T05:12:32.809Z] [WHATSAPP] 🚀 Starting WppConnect - Session: joaosn
[2025-09-16T05:12:40.899Z] [WHATSAPP] 🚀 Starting WppConnect - Session: joaosn
[2025-09-16T05:12:47.288Z] [WHATSAPP] 🚀 Starting WppConnect - Session: joaosn
[2025-09-16T05:12:51.448Z] [WHATSAPP] 🚀 Starting WppConnect - Session: joaosn
[2025-09-16T05:13:05.725Z] [WHATSAPP] 🚀 Starting WppConnect - Session: joaosn
[2025-09-16T05:13:06.754Z] [WHATSAPP] 🚀 Starting WppConnect - Session: joaosn
[2025-09-16T05:13:08.290Z] [WHATSAPP] ⚠️ notLogged detectado para sessão joaosn - limpando tokens e forçando novo QR
[2025-09-16T05:13:34.214Z] [WHATSAPP] 🚀 Starting WppConnect - Session: joaosn
[2025-09-16T05:13:34.223Z] [WHATSAPP] 🚀 Starting WppConnect - Session: joaosn
[2025-09-16T05:21:59.876Z] [WHATSAPP] 🚀 Starting WppConnect - Session: joaosn
[2025-09-16T05:28:03.595Z] [WHATSAPP] 🚀 Starting WppConnect - Session: joaosn
[2025-09-16T05:28:07.555Z] [WHATSAPP] 🚀 Starting WppConnect - Session: joaosn
[2025-09-16T05:28:08.229Z] [WHATSAPP] 🚀 Starting WppConnect - Session: joaosn
[2025-09-16T05:28:08.909Z] [WHATSAPP] 🚀 Starting WppConnect - Session: joaosn
[2025-09-16T05:28:09.546Z] [WHATSAPP] 🚀 Starting WppConnect - Session: joaosn
[2025-09-16T05:28:10.036Z] [WHATSAPP] 🚀 Starting WppConnect - Session: joaosn
[2025-09-16T05:28:10.238Z] [WHATSAPP] 🚀 Starting WppConnect - Session: joaosn
[2025-09-16T05:28:11.069Z] [WHATSAPP] 🚀 Starting WppConnect - Session: joaosn
[2025-09-16T05:28:11.924Z] [WHATSAPP] 🚀 Starting WppConnect - Session: joaosn
[2025-09-16T05:28:28.200Z] [WHATSAPP] 🚀 Starting WppConnect - Session: joaosn
[2025-09-16T05:28:50.155Z] [WHATSAPP] 🚀 Starting WppConnect - Session: joaosn
[2025-09-16T05:28:54.315Z] [WHATSAPP] 🚀 Starting WppConnect - Session: joaosn
[2025-09-16T05:29:08.937Z] [WHATSAPP] 🚀 Starting WppConnect - Session: joaosn
[2025-09-16T11:41:01.448Z] [WHATSAPP] 🚀 Starting WppConnect - Session: joaosn
[2025-09-16T11:44:28.756Z] [WHATSAPP] 🚀 Starting WppConnect - Session: joaosn
[2025-09-16T11:44:30.711Z] [WHATSAPP] 🚀 Starting WppConnect - Session: joaosn
[2025-09-16T11:47:01.925Z] [WHATSAPP] 🚀 Starting WppConnect - Session: joaosn
[2025-09-16T11:47:20.406Z] [WHATSAPP] 🚀 Starting WppConnect - Session: joaosn
[2025-09-16T11:53:59.771Z] [WHATSAPP] 🚀 Starting WppConnect - Session: joaosn
[2025-09-16T11:57:43.087Z] [WHATSAPP] 🚀 Starting WhatsApp WebJS - Session: joaosn
[2025-09-16T11:57:43.093Z] [WHATSAPP] 🚀 Starting WhatsApp WebJS - Session: joaosn
[2025-09-16T11:57:43.112Z] [WHATSAPP] joaosn - useHere: false
[2025-09-16T11:57:43.113Z] [WHATSAPP] joaosn - Usando tokens da pasta instances/
[2025-09-16T11:57:43.113Z] [WHATSAPP] joaosn - Caminho da sessão: instances\joaosn
[2025-09-16T11:57:43.114Z] [WHATSAPP] ****** STARTING SESSION joaosn ******
[2025-09-16T11:57:43.116Z] [WHATSAPP] joaosn - 🚀 Inicializando cliente...
[2025-09-16T11:57:43.143Z] [WHATSAPP] joaosn - useHere: false
[2025-09-16T11:57:43.143Z] [WHATSAPP] joaosn - Usando tokens da pasta instances/
[2025-09-16T11:57:43.143Z] [WHATSAPP] joaosn - Caminho da sessão: instances\joaosn
[2025-09-16T11:57:43.144Z] [WHATSAPP] ****** STARTING SESSION joaosn ******
[2025-09-16T11:57:43.145Z] [WHATSAPP] joaosn - 🚀 Inicializando cliente...
[2025-09-16T11:57:46.713Z] [WHATSAPP] 🚀 Starting WhatsApp WebJS - Session: joaosn
[2025-09-16T11:57:46.728Z] [WHATSAPP] joaosn - useHere: false
[2025-09-16T11:57:46.728Z] [WHATSAPP] joaosn - Usando tokens da pasta instances/
[2025-09-16T11:57:46.728Z] [WHATSAPP] joaosn - Caminho da sessão: instances\joaosn
[2025-09-16T11:57:46.729Z] [WHATSAPP] ****** STARTING SESSION joaosn ******
[2025-09-16T11:57:46.732Z] [WHATSAPP] joaosn - 🚀 Inicializando cliente...
[2025-09-16T11:57:47.587Z] [WHATSAPP] joaosn - 📱 Novo QR Code gerado
[2025-09-16T11:58:04.912Z] [WHATSAPP] 🚀 Starting WhatsApp WebJS - Session: joaosn
[2025-09-16T11:58:04.943Z] [WHATSAPP] joaosn - useHere: false
[2025-09-16T11:58:04.943Z] [WHATSAPP] joaosn - Usando tokens da pasta instances/
[2025-09-16T11:58:04.944Z] [WHATSAPP] joaosn - Caminho da sessão: instances\joaosn
[2025-09-16T11:58:04.945Z] [WHATSAPP] ****** STARTING SESSION joaosn ******
[2025-09-16T11:58:04.947Z] [WHATSAPP] joaosn - 🚀 Inicializando cliente...
[2025-09-16T11:59:01.471Z] [WHATSAPP] 🚀 Starting WhatsApp WebJS - Session: joaosn
[2025-09-16T11:59:01.488Z] [WHATSAPP] joaosn - useHere: false
[2025-09-16T11:59:01.488Z] [WHATSAPP] joaosn - Usando tokens da pasta instances/
[2025-09-16T11:59:01.489Z] [WHATSAPP] joaosn - Caminho da sessão: instances\joaosn
[2025-09-16T11:59:01.490Z] [WHATSAPP] ****** STARTING SESSION joaosn ******
[2025-09-16T11:59:01.492Z] [WHATSAPP] joaosn - 🚀 Inicializando cliente...
[2025-09-16T11:59:02.545Z] [WHATSAPP] 🚀 Starting WhatsApp WebJS - Session: joaosn
[2025-09-16T11:59:02.561Z] [WHATSAPP] joaosn - useHere: false
[2025-09-16T11:59:02.561Z] [WHATSAPP] joaosn - Usando tokens da pasta instances/
[2025-09-16T11:59:02.562Z] [WHATSAPP] joaosn - Caminho da sessão: instances\joaosn
[2025-09-16T11:59:02.562Z] [WHATSAPP] ****** STARTING SESSION joaosn ******
[2025-09-16T11:59:02.568Z] [WHATSAPP] joaosn - 🚀 Inicializando cliente...
[2025-09-16T11:59:03.760Z] [WHATSAPP] 🚀 Starting WhatsApp WebJS - Session: joaosn
[2025-09-16T11:59:03.808Z] [WHATSAPP] joaosn - useHere: false
[2025-09-16T11:59:03.809Z] [WHATSAPP] joaosn - Usando tokens da pasta instances/
[2025-09-16T11:59:03.809Z] [WHATSAPP] joaosn - Caminho da sessão: instances\joaosn
[2025-09-16T11:59:03.811Z] [WHATSAPP] ****** STARTING SESSION joaosn ******
[2025-09-16T11:59:03.813Z] [WHATSAPP] joaosn - 🚀 Inicializando cliente...
[2025-09-16T11:59:06.169Z] [WHATSAPP] 🚀 Starting WhatsApp WebJS - Session: joaosn
[2025-09-16T11:59:06.181Z] [WHATSAPP] joaosn - useHere: false
[2025-09-16T11:59:06.182Z] [WHATSAPP] joaosn - Usando tokens da pasta instances/
[2025-09-16T11:59:06.182Z] [WHATSAPP] joaosn - Caminho da sessão: instances\joaosn
[2025-09-16T11:59:06.183Z] [WHATSAPP] ****** STARTING SESSION joaosn ******
[2025-09-16T11:59:06.185Z] [WHATSAPP] joaosn - 🚀 Inicializando cliente...
[2025-09-16T11:59:06.319Z] [WHATSAPP] 🚀 Starting WhatsApp WebJS - Session: joaosn
[2025-09-16T11:59:06.334Z] [WHATSAPP] joaosn - useHere: false
[2025-09-16T11:59:06.335Z] [WHATSAPP] joaosn - Usando tokens da pasta instances/
[2025-09-16T11:59:06.335Z] [WHATSAPP] joaosn - Caminho da sessão: instances\joaosn
[2025-09-16T11:59:06.336Z] [WHATSAPP] ****** STARTING SESSION joaosn ******
[2025-09-16T11:59:06.337Z] [WHATSAPP] joaosn - 🚀 Inicializando cliente...
[2025-09-16T11:59:07.236Z] [WHATSAPP] 🚀 Starting WhatsApp WebJS - Session: joaosn
[2025-09-16T11:59:07.248Z] [WHATSAPP] joaosn - useHere: false
[2025-09-16T11:59:07.249Z] [WHATSAPP] joaosn - Usando tokens da pasta instances/
[2025-09-16T11:59:07.249Z] [WHATSAPP] joaosn - Caminho da sessão: instances\joaosn
[2025-09-16T11:59:07.250Z] [WHATSAPP] ****** STARTING SESSION joaosn ******
[2025-09-16T11:59:07.252Z] [WHATSAPP] joaosn - 🚀 Inicializando cliente...
[2025-09-16T11:59:08.762Z] [WHATSAPP] 🚀 Starting WhatsApp WebJS - Session: joaosn
[2025-09-16T11:59:08.803Z] [WHATSAPP] joaosn - useHere: false
[2025-09-16T11:59:08.803Z] [WHATSAPP] joaosn - Usando tokens da pasta instances/
[2025-09-16T11:59:08.804Z] [WHATSAPP] joaosn - Caminho da sessão: instances\joaosn
[2025-09-16T11:59:08.804Z] [WHATSAPP] ****** STARTING SESSION joaosn ******
[2025-09-16T11:59:08.809Z] [WHATSAPP] joaosn - 🚀 Inicializando cliente...
[2025-09-16T11:59:09.701Z] [WHATSAPP] 🚀 Starting WhatsApp WebJS - Session: joaosn
[2025-09-16T11:59:09.720Z] [WHATSAPP] joaosn - useHere: false
[2025-09-16T11:59:09.720Z] [WHATSAPP] joaosn - Usando tokens da pasta instances/
[2025-09-16T11:59:09.721Z] [WHATSAPP] joaosn - Caminho da sessão: instances\joaosn
[2025-09-16T11:59:09.721Z] [WHATSAPP] ****** STARTING SESSION joaosn ******
[2025-09-16T11:59:09.726Z] [WHATSAPP] joaosn - 🚀 Inicializando cliente...
[2025-09-16T11:59:10.667Z] [WHATSAPP] 🚀 Starting WhatsApp WebJS - Session: joaosn
[2025-09-16T11:59:10.701Z] [WHATSAPP] joaosn - useHere: false
[2025-09-16T11:59:10.701Z] [WHATSAPP] joaosn - Usando tokens da pasta instances/
[2025-09-16T11:59:10.701Z] [WHATSAPP] joaosn - Caminho da sessão: instances\joaosn
[2025-09-16T11:59:10.702Z] [WHATSAPP] ****** STARTING SESSION joaosn ******
[2025-09-16T11:59:10.703Z] [WHATSAPP] joaosn - 🚀 Inicializando cliente...
